test-00000-of-00009.parquet: kept 913/2001 rows
test-00001-of-00009.parquet: kept 954/2001 rows
test-00002-of-00009.parquet: kept 971/2001 rows
test-00003-of-00009.parquet: kept 958/2001 rows
test-00004-of-00009.parquet: kept 947/2001 rows
test-00005-of-00009.parquet: kept 977/2001 rows
test-00006-of-00009.parquet: kept 997/2000 rows
test-00007-of-00009.parquet: kept 939/2000 rows
test-00008-of-00009.parquet: kept 956/2000 rows
train-00000-of-00400.parquet: kept 1046/2190 rows
train-00001-of-00400.parquet: kept 1019/2190 rows
train-00002-of-00400.parquet: kept 831/2190 rows
train-00003-of-00400.parquet: kept 776/2190 rows
train-00004-of-00400.parquet: kept 811/2190 rows
train-00005-of-00400.parquet: kept 938/2190 rows
train-00006-of-00400.parquet: kept 1009/2190 rows
train-00007-of-00400.parquet: kept 893/2190 rows
train-00008-of-00400.parquet: kept 800/2190 rows
train-00009-of-00400.parquet: kept 813/2190 rows
train-00010-of-00400.parquet: kept 920/2190 rows
train-00011-of-00400.parquet: kept 1001/2190 rows
train-00012-of-00400.parquet: kept 981/2190 rows
train-00013-of-00400.parquet: kept 835/2190 rows
train-00014-of-00400.parquet: kept 807/2190 rows
train-00015-of-00400.parquet: kept 868/2190 rows
train-00016-of-00400.parquet: kept 1012/2190 rows
train-00017-of-00400.parquet: kept 979/2190 rows
train-00018-of-00400.parquet: kept 870/2190 rows
train-00019-of-00400.parquet: kept 828/2190 rows
train-00020-of-00400.parquet: kept 793/2190 rows
train-00021-of-00400.parquet: kept 993/2190 rows
train-00022-of-00400.parquet: kept 1010/2190 rows
train-00023-of-00400.parquet: kept 853/2190 rows
train-00024-of-00400.parquet: kept 800/2190 rows
train-00025-of-00400.parquet: kept 850/2190 rows
train-00026-of-00400.parquet: kept 986/2190 rows
train-00027-of-00400.parquet: kept 1014/2190 rows
train-00028-of-00400.parquet: kept 916/2190 rows
train-00029-of-00400.parquet: kept 829/2190 rows
train-00030-of-00400.parquet: kept 836/2190 rows
train-00031-of-00400.parquet: kept 912/2190 rows
train-00032-of-00400.parquet: kept 957/2190 rows
train-00033-of-00400.parquet: kept 977/2190 rows
train-00034-of-00400.parquet: kept 819/2190 rows
train-00035-of-00400.parquet: kept 804/2190 rows
train-00036-of-00400.parquet: kept 856/2190 rows
train-00037-of-00400.parquet: kept 1005/2190 rows
train-00038-of-00400.parquet: kept 986/2190 rows
train-00039-of-00400.parquet: kept 785/2190 rows
train-00040-of-00400.parquet: kept 838/2190 rows
train-00041-of-00400.parquet: kept 819/2190 rows
train-00042-of-00400.parquet: kept 982/2190 rows
train-00043-of-00400.parquet: kept 1041/2190 rows
train-00044-of-00400.parquet: kept 824/2190 rows
train-00045-of-00400.parquet: kept 800/2190 rows
train-00046-of-00400.parquet: kept 802/2190 rows
train-00047-of-00400.parquet: kept 929/2190 rows
train-00048-of-00400.parquet: kept 1033/2190 rows
train-00049-of-00400.parquet: kept 717/2190 rows
train-00050-of-00400.parquet: kept 999/2190 rows
train-00051-of-00400.parquet: kept 992/2190 rows
train-00052-of-00400.parquet: kept 823/2190 rows
train-00053-of-00400.parquet: kept 791/2190 rows
train-00054-of-00400.parquet: kept 881/2190 rows
train-00055-of-00400.parquet: kept 955/2190 rows
train-00056-of-00400.parquet: kept 974/2190 rows
train-00057-of-00400.parquet: kept 885/2190 rows
train-00058-of-00400.parquet: kept 829/2190 rows
train-00059-of-00400.parquet: kept 821/2190 rows
train-00060-of-00400.parquet: kept 912/2190 rows
train-00061-of-00400.parquet: kept 994/2190 rows
train-00062-of-00400.parquet: kept 987/2190 rows
train-00063-of-00400.parquet: kept 790/2190 rows
train-00064-of-00400.parquet: kept 813/2190 rows
train-00065-of-00400.parquet: kept 857/2190 rows
train-00066-of-00400.parquet: kept 1035/2190 rows
train-00067-of-00400.parquet: kept 944/2190 rows
train-00068-of-00400.parquet: kept 794/2190 rows
train-00069-of-00400.parquet: kept 815/2190 rows
train-00070-of-00400.parquet: kept 829/2190 rows
train-00071-of-00400.parquet: kept 981/2190 rows
train-00072-of-00400.parquet: kept 967/2190 rows
train-00073-of-00400.parquet: kept 817/2190 rows
train-00074-of-00400.parquet: kept 815/2190 rows
train-00075-of-00400.parquet: kept 841/2190 rows
train-00076-of-00400.parquet: kept 974/2190 rows
train-00077-of-00400.parquet: kept 1007/2190 rows
train-00078-of-00400.parquet: kept 912/2190 rows
train-00079-of-00400.parquet: kept 814/2190 rows
train-00080-of-00400.parquet: kept 828/2190 rows
train-00081-of-00400.parquet: kept 887/2190 rows
train-00082-of-00400.parquet: kept 1049/2190 rows
train-00083-of-00400.parquet: kept 931/2190 rows
train-00084-of-00400.parquet: kept 842/2190 rows
train-00085-of-00400.parquet: kept 822/2190 rows
train-00086-of-00400.parquet: kept 866/2190 rows
train-00087-of-00400.parquet: kept 997/2190 rows
train-00088-of-00400.parquet: kept 1005/2190 rows
train-00089-of-00400.parquet: kept 838/2190 rows
train-00090-of-00400.parquet: kept 798/2190 rows
train-00091-of-00400.parquet: kept 811/2190 rows
train-00092-of-00400.parquet: kept 995/2190 rows
train-00093-of-00400.parquet: kept 979/2190 rows
train-00094-of-00400.parquet: kept 831/2190 rows
train-00095-of-00400.parquet: kept 843/2190 rows
train-00096-of-00400.parquet: kept 825/2190 rows
train-00097-of-00400.parquet: kept 915/2190 rows
train-00098-of-00400.parquet: kept 1034/2190 rows
train-00099-of-00400.parquet: kept 719/2190 rows
train-00100-of-00400.parquet: kept 1028/2190 rows
train-00101-of-00400.parquet: kept 988/2190 rows
train-00102-of-00400.parquet: kept 793/2190 rows
train-00103-of-00400.parquet: kept 830/2190 rows
train-00104-of-00400.parquet: kept 824/2190 rows
train-00105-of-00400.parquet: kept 995/2190 rows
train-00106-of-00400.parquet: kept 1009/2190 rows
train-00107-of-00400.parquet: kept 910/2190 rows
train-00108-of-00400.parquet: kept 810/2190 rows
train-00109-of-00400.parquet: kept 822/2190 rows
train-00110-of-00400.parquet: kept 924/2190 rows
train-00111-of-00400.parquet: kept 1018/2190 rows
train-00112-of-00400.parquet: kept 888/2190 rows
train-00113-of-00400.parquet: kept 825/2190 rows
train-00114-of-00400.parquet: kept 823/2190 rows
train-00115-of-00400.parquet: kept 888/2190 rows
train-00116-of-00400.parquet: kept 964/2190 rows
train-00117-of-00400.parquet: kept 983/2190 rows
train-00118-of-00400.parquet: kept 815/2190 rows
train-00119-of-00400.parquet: kept 840/2190 rows
train-00120-of-00400.parquet: kept 829/2190 rows
train-00121-of-00400.parquet: kept 1039/2190 rows
train-00122-of-00400.parquet: kept 961/2190 rows
train-00123-of-00400.parquet: kept 848/2190 rows
train-00124-of-00400.parquet: kept 834/2190 rows
train-00126-of-00400.parquet: kept 981/2190 rows
train-00127-of-00400.parquet: kept 1000/2190 rows
train-00128-of-00400.parquet: kept 903/2190 rows
train-00129-of-00400.parquet: kept 828/2190 rows
train-00130-of-00400.parquet: kept 817/2190 rows
train-00131-of-00400.parquet: kept 942/2190 rows
train-00132-of-00400.parquet: kept 1028/2190 rows
train-00133-of-00400.parquet: kept 932/2190 rows
train-00134-of-00400.parquet: kept 794/2190 rows
train-00135-of-00400.parquet: kept 813/2190 rows
train-00136-of-00400.parquet: kept 905/2190 rows
train-00137-of-00400.parquet: kept 1010/2190 rows
train-00138-of-00400.parquet: kept 946/2190 rows
train-00139-of-00400.parquet: kept 794/2190 rows
train-00140-of-00400.parquet: kept 817/2190 rows
train-00141-of-00400.parquet: kept 806/2190 rows
train-00142-of-00400.parquet: kept 990/2190 rows
train-00143-of-00400.parquet: kept 1021/2190 rows
train-00144-of-00400.parquet: kept 840/2190 rows
train-00145-of-00400.parquet: kept 837/2190 rows
train-00146-of-00400.parquet: kept 833/2190 rows
train-00147-of-00400.parquet: kept 981/2190 rows
train-00148-of-00400.parquet: kept 1011/2190 rows
train-00149-of-00400.parquet: kept 709/2190 rows
train-00150-of-00400.parquet: kept 981/2190 rows
train-00151-of-00400.parquet: kept 956/2190 rows
train-00152-of-00400.parquet: kept 767/2190 rows
train-00153-of-00400.parquet: kept 826/2190 rows
train-00154-of-00400.parquet: kept 873/2190 rows
train-00155-of-00400.parquet: kept 971/2190 rows
train-00156-of-00400.parquet: kept 997/2190 rows
train-00157-of-00400.parquet: kept 854/2190 rows
train-00158-of-00400.parquet: kept 804/2190 rows
train-00159-of-00400.parquet: kept 842/2190 rows
train-00160-of-00400.parquet: kept 966/2190 rows
train-00161-of-00400.parquet: kept 1008/2190 rows
train-00162-of-00400.parquet: kept 890/2190 rows
train-00163-of-00400.parquet: kept 847/2190 rows
train-00164-of-00400.parquet: kept 811/2190 rows
train-00165-of-00400.parquet: kept 927/2190 rows
train-00166-of-00400.parquet: kept 1045/2190 rows
train-00167-of-00400.parquet: kept 961/2190 rows
train-00168-of-00400.parquet: kept 802/2190 rows
train-00169-of-00400.parquet: kept 822/2190 rows
train-00170-of-00400.parquet: kept 880/2190 rows
train-00171-of-00400.parquet: kept 996/2190 rows
train-00172-of-00400.parquet: kept 1004/2190 rows
train-00173-of-00400.parquet: kept 807/2190 rows
train-00174-of-00400.parquet: kept 848/2190 rows
train-00175-of-00400.parquet: kept 802/2190 rows
train-00176-of-00400.parquet: kept 1026/2190 rows
train-00177-of-00400.parquet: kept 1021/2190 rows
train-00178-of-00400.parquet: kept 838/2190 rows
train-00179-of-00400.parquet: kept 836/2190 rows
train-00180-of-00400.parquet: kept 821/2190 rows
train-00181-of-00400.parquet: kept 941/2190 rows
train-00182-of-00400.parquet: kept 1023/2190 rows
train-00183-of-00400.parquet: kept 874/2190 rows
train-00184-of-00400.parquet: kept 839/2190 rows
train-00185-of-00400.parquet: kept 839/2190 rows
train-00186-of-00400.parquet: kept 865/2190 rows
train-00187-of-00400.parquet: kept 1044/2190 rows
train-00188-of-00400.parquet: kept 970/2190 rows
train-00189-of-00400.parquet: kept 845/2190 rows
train-00190-of-00400.parquet: kept 816/2190 rows
train-00191-of-00400.parquet: kept 845/2190 rows
train-00192-of-00400.parquet: kept 995/2190 rows
train-00193-of-00400.parquet: kept 986/2190 rows
train-00194-of-00400.parquet: kept 805/2190 rows
train-00195-of-00400.parquet: kept 838/2190 rows
train-00196-of-00400.parquet: kept 872/2190 rows
train-00197-of-00400.parquet: kept 979/2190 rows
train-00198-of-00400.parquet: kept 1027/2190 rows
train-00199-of-00400.parquet: kept 709/2190 rows
train-00200-of-00400.parquet: kept 957/2190 rows
train-00201-of-00400.parquet: kept 947/2190 rows
train-00202-of-00400.parquet: kept 864/2190 rows
train-00203-of-00400.parquet: kept 839/2190 rows
train-00204-of-00400.parquet: kept 843/2190 rows
train-00205-of-00400.parquet: kept 954/2190 rows
train-00206-of-00400.parquet: kept 1040/2190 rows
train-00207-of-00400.parquet: kept 837/2190 rows
train-00208-of-00400.parquet: kept 798/2190 rows
train-00209-of-00400.parquet: kept 789/2190 rows
train-00210-of-00400.parquet: kept 975/2190 rows
train-00211-of-00400.parquet: kept 1028/2190 rows
train-00212-of-00400.parquet: kept 925/2190 rows
train-00213-of-00400.parquet: kept 830/2190 rows
train-00214-of-00400.parquet: kept 833/2190 rows
train-00215-of-00400.parquet: kept 952/2190 rows
train-00216-of-00400.parquet: kept 983/2190 rows
train-00217-of-00400.parquet: kept 918/2190 rows
train-00218-of-00400.parquet: kept 816/2190 rows
train-00219-of-00400.parquet: kept 786/2190 rows
train-00220-of-00400.parquet: kept 882/2190 rows
train-00221-of-00400.parquet: kept 996/2190 rows
train-00222-of-00400.parquet: kept 1050/2190 rows
train-00223-of-00400.parquet: kept 833/2190 rows
train-00224-of-00400.parquet: kept 839/2190 rows
train-00225-of-00400.parquet: kept 829/2190 rows
train-00226-of-00400.parquet: kept 1011/2190 rows
train-00227-of-00400.parquet: kept 1008/2190 rows
train-00228-of-00400.parquet: kept 834/2190 rows
train-00229-of-00400.parquet: kept 804/2190 rows
train-00230-of-00400.parquet: kept 829/2190 rows
train-00231-of-00400.parquet: kept 918/2190 rows
train-00232-of-00400.parquet: kept 991/2190 rows
train-00233-of-00400.parquet: kept 933/2190 rows
train-00234-of-00400.parquet: kept 854/2190 rows
train-00235-of-00400.parquet: kept 783/2190 rows
train-00236-of-00400.parquet: kept 939/2190 rows
train-00237-of-00400.parquet: kept 1022/2190 rows
train-00238-of-00400.parquet: kept 993/2190 rows
train-00239-of-00400.parquet: kept 837/2190 rows
train-00240-of-00400.parquet: kept 824/2190 rows
train-00241-of-00400.parquet: kept 847/2190 rows
train-00242-of-00400.parquet: kept 990/2190 rows
train-00243-of-00400.parquet: kept 930/2190 rows
train-00244-of-00400.parquet: kept 810/2190 rows
train-00245-of-00400.parquet: kept 854/2190 rows
train-00246-of-00400.parquet: kept 868/2190 rows
train-00247-of-00400.parquet: kept 986/2190 rows
train-00248-of-00400.parquet: kept 990/2190 rows
train-00249-of-00400.parquet: kept 686/2190 rows
train-00250-of-00400.parquet: kept 998/2190 rows
train-00251-of-00400.parquet: kept 944/2190 rows
train-00252-of-00400.parquet: kept 819/2190 rows
train-00253-of-00400.parquet: kept 823/2190 rows
train-00254-of-00400.parquet: kept 854/2190 rows
train-00255-of-00400.parquet: kept 1010/2190 rows
train-00256-of-00400.parquet: kept 1029/2190 rows
train-00257-of-00400.parquet: kept 827/2190 rows
train-00258-of-00400.parquet: kept 815/2190 rows
train-00259-of-00400.parquet: kept 790/2190 rows
train-00260-of-00400.parquet: kept 989/2190 rows
train-00261-of-00400.parquet: kept 1027/2190 rows
train-00262-of-00400.parquet: kept 822/2190 rows
train-00263-of-00400.parquet: kept 827/2190 rows
train-00264-of-00400.parquet: kept 844/2190 rows
train-00265-of-00400.parquet: kept 941/2190 rows
train-00266-of-00400.parquet: kept 1003/2190 rows
train-00267-of-00400.parquet: kept 938/2190 rows
train-00268-of-00400.parquet: kept 811/2190 rows
train-00269-of-00400.parquet: kept 835/2190 rows
train-00271-of-00400.parquet: kept 1032/2190 rows
train-00272-of-00400.parquet: kept 989/2190 rows
train-00273-of-00400.parquet: kept 813/2189 rows
train-00274-of-00400.parquet: kept 798/2189 rows
train-00275-of-00400.parquet: kept 824/2189 rows
train-00276-of-00400.parquet: kept 1015/2189 rows
train-00277-of-00400.parquet: kept 980/2189 rows
train-00278-of-00400.parquet: kept 781/2189 rows
train-00279-of-00400.parquet: kept 820/2189 rows
train-00280-of-00400.parquet: kept 791/2189 rows
train-00281-of-00400.parquet: kept 954/2189 rows
train-00282-of-00400.parquet: kept 1064/2189 rows
train-00283-of-00400.parquet: kept 863/2189 rows
train-00284-of-00400.parquet: kept 815/2189 rows
train-00285-of-00400.parquet: kept 818/2189 rows
train-00286-of-00400.parquet: kept 909/2189 rows
train-00287-of-00400.parquet: kept 1007/2189 rows
train-00288-of-00400.parquet: kept 949/2189 rows
train-00289-of-00400.parquet: kept 847/2189 rows
train-00290-of-00400.parquet: kept 804/2189 rows
train-00291-of-00400.parquet: kept 878/2189 rows
train-00292-of-00400.parquet: kept 1001/2189 rows
train-00293-of-00400.parquet: kept 986/2189 rows
train-00294-of-00400.parquet: kept 819/2189 rows
train-00295-of-00400.parquet: kept 814/2189 rows
train-00296-of-00400.parquet: kept 843/2189 rows
train-00297-of-00400.parquet: kept 980/2189 rows
train-00298-of-00400.parquet: kept 983/2189 rows
train-00299-of-00400.parquet: kept 733/2189 rows
train-00300-of-00400.parquet: kept 1028/2189 rows
train-00301-of-00400.parquet: kept 981/2189 rows
train-00302-of-00400.parquet: kept 827/2189 rows
train-00303-of-00400.parquet: kept 771/2189 rows
train-00304-of-00400.parquet: kept 769/2189 rows
train-00305-of-00400.parquet: kept 1023/2189 rows
train-00306-of-00400.parquet: kept 1014/2189 rows
train-00307-of-00400.parquet: kept 835/2189 rows
train-00308-of-00400.parquet: kept 827/2189 rows
train-00309-of-00400.parquet: kept 831/2189 rows
train-00310-of-00400.parquet: kept 976/2189 rows
train-00311-of-00400.parquet: kept 1002/2189 rows
train-00312-of-00400.parquet: kept 885/2189 rows
train-00313-of-00400.parquet: kept 800/2189 rows
train-00314-of-00400.parquet: kept 848/2189 rows
train-00315-of-00400.parquet: kept 932/2189 rows
train-00316-of-00400.parquet: kept 1012/2189 rows
train-00317-of-00400.parquet: kept 956/2189 rows
train-00318-of-00400.parquet: kept 800/2189 rows
train-00319-of-00400.parquet: kept 811/2189 rows
train-00320-of-00400.parquet: kept 878/2189 rows
train-00321-of-00400.parquet: kept 1060/2189 rows
train-00322-of-00400.parquet: kept 1030/2189 rows
train-00323-of-00400.parquet: kept 844/2189 rows
train-00324-of-00400.parquet: kept 805/2189 rows
train-00325-of-00400.parquet: kept 802/2189 rows
train-00326-of-00400.parquet: kept 960/2189 rows
train-00327-of-00400.parquet: kept 1032/2189 rows
train-00328-of-00400.parquet: kept 872/2189 rows
train-00329-of-00400.parquet: kept 833/2189 rows
train-00330-of-00400.parquet: kept 843/2189 rows
train-00331-of-00400.parquet: kept 978/2189 rows
train-00332-of-00400.parquet: kept 1040/2189 rows
train-00333-of-00400.parquet: kept 936/2189 rows
train-00334-of-00400.parquet: kept 799/2189 rows
train-00335-of-00400.parquet: kept 840/2189 rows
train-00336-of-00400.parquet: kept 901/2189 rows
train-00337-of-00400.parquet: kept 1083/2189 rows
train-00338-of-00400.parquet: kept 973/2189 rows
train-00339-of-00400.parquet: kept 819/2189 rows
train-00340-of-00400.parquet: kept 802/2189 rows
train-00341-of-00400.parquet: kept 857/2189 rows
train-00342-of-00400.parquet: kept 983/2189 rows
train-00343-of-00400.parquet: kept 992/2189 rows
train-00344-of-00400.parquet: kept 837/2189 rows
train-00345-of-00400.parquet: kept 800/2189 rows
train-00346-of-00400.parquet: kept 803/2189 rows
train-00347-of-00400.parquet: kept 961/2189 rows
train-00348-of-00400.parquet: kept 1017/2189 rows
train-00349-of-00400.parquet: kept 741/2189 rows
train-00350-of-00400.parquet: kept 963/2189 rows
train-00351-of-00400.parquet: kept 992/2189 rows
train-00352-of-00400.parquet: kept 821/2189 rows
train-00353-of-00400.parquet: kept 826/2189 rows
train-00354-of-00400.parquet: kept 797/2189 rows
train-00355-of-00400.parquet: kept 979/2189 rows
train-00356-of-00400.parquet: kept 992/2189 rows
train-00357-of-00400.parquet: kept 894/2189 rows
train-00358-of-00400.parquet: kept 799/2189 rows
train-00359-of-00400.parquet: kept 816/2189 rows
train-00360-of-00400.parquet: kept 963/2189 rows
train-00361-of-00400.parquet: kept 1027/2189 rows
train-00362-of-00400.parquet: kept 921/2189 rows
train-00363-of-00400.parquet: kept 817/2189 rows
train-00364-of-00400.parquet: kept 783/2189 rows
train-00365-of-00400.parquet: kept 838/2189 rows
train-00366-of-00400.parquet: kept 982/2189 rows
train-00367-of-00400.parquet: kept 964/2189 rows
train-00368-of-00400.parquet: kept 795/2189 rows
train-00369-of-00400.parquet: kept 802/2189 rows
train-00370-of-00400.parquet: kept 801/2189 rows
train-00371-of-00400.parquet: kept 995/2189 rows
train-00372-of-00400.parquet: kept 992/2189 rows
train-00373-of-00400.parquet: kept 833/2189 rows
train-00374-of-00400.parquet: kept 809/2189 rows
train-00375-of-00400.parquet: kept 810/2189 rows
train-00376-of-00400.parquet: kept 970/2189 rows
train-00377-of-00400.parquet: kept 1047/2189 rows
train-00378-of-00400.parquet: kept 911/2189 rows
train-00379-of-00400.parquet: kept 851/2189 rows
train-00380-of-00400.parquet: kept 764/2189 rows
train-00381-of-00400.parquet: kept 919/2189 rows
train-00382-of-00400.parquet: kept 1018/2189 rows
train-00383-of-00400.parquet: kept 951/2189 rows
train-00384-of-00400.parquet: kept 819/2189 rows
train-00385-of-00400.parquet: kept 850/2189 rows
train-00386-of-00400.parquet: kept 830/2189 rows
train-00387-of-00400.parquet: kept 1006/2189 rows
train-00388-of-00400.parquet: kept 961/2189 rows
train-00389-of-00400.parquet: kept 791/2189 rows
train-00390-of-00400.parquet: kept 833/2189 rows
train-00391-of-00400.parquet: kept 786/2189 rows
train-00392-of-00400.parquet: kept 956/2189 rows
train-00393-of-00400.parquet: kept 1005/2189 rows
train-00394-of-00400.parquet: kept 891/2189 rows
train-00395-of-00400.parquet: kept 792/2189 rows
train-00396-of-00400.parquet: kept 818/2189 rows
train-00397-of-00400.parquet: kept 954/2189 rows
train-00398-of-00400.parquet: kept 988/2189 rows
train-00399-of-00400.parquet: kept 723/2189 rows
validation-00000-of-00010.parquet: kept 811/1953 rows
validation-00001-of-00010.parquet: kept 826/1952 rows
validation-00002-of-00010.parquet: kept 818/1952 rows
validation-00003-of-00010.parquet: kept 855/1952 rows
validation-00004-of-00010.parquet: kept 866/1952 rows
validation-00005-of-00010.parquet: kept 821/1952 rows
validation-00006-of-00010.parquet: kept 849/1952 rows
validation-00007-of-00010.parquet: kept 817/1952 rows
validation-00008-of-00010.parquet: kept 858/1952 rows
validation-00009-of-00010.parquet: kept 824/1952 rows
Filtered 417 shards
Kept 373624/909020 rows where type == 'c'
