=== QASR part2 pipeline start Thu Jul 30 14:00:47 UTC 2026 ===
=== STEP A: segment 2,584 new recordings -> /workspace/asr/Palestinian-ASR/processed_qasr_segments_part2 ===
STEP A: shards already present, skipping
STEP A done: 24 arrow shards
=== STEP B: fast text-clean -> /workspace/asr/Palestinian-ASR/data_cleaned_text_qasr_part2_v1 ===
Imports ready.
INPUT_ROOT: /workspace/asr/Palestinian-ASR
OUTPUT_ROOT: /workspace/asr/Palestinian-ASR/data_cleaned_text_qasr_part2_v1
DISCOVERY_GLOBS:
 - processed_qasr_segments_part2/train/*.arrow
RAW : أكلتُ التفاحةَ، وقال: آهـــ!
NORM: اكلت التفاحة وقال اه
english: False number: False bracket: False

RAW : مرحبا [laugh] كيفك؟
NORM: مرحبا laugh كيفك
english: True number: False bracket: True

RAW : test عربي
NORM: test عربي
english: True number: False bracket: False

RAW : عندي ٣ كتب
NORM: عندي ٣ كتب
english: False number: True bracket: False

Discovery summary:
- processed_qasr_segments_part2/train/*.arrow: 24 file(s)
Found parquet files: 0
Found arrow files  : 24
Found jsonl files  : 0
Will process files : 24
- /workspace/asr/Palestinian-ASR/processed_qasr_segments_part2/train/shard_000000.arrow
- /workspace/asr/Palestinian-ASR/processed_qasr_segments_part2/train/shard_000001.arrow
- /workspace/asr/Palestinian-ASR/processed_qasr_segments_part2/train/shard_000002.arrow
- /workspace/asr/Palestinian-ASR/processed_qasr_segments_part2/train/shard_000003.arrow
- /workspace/asr/Palestinian-ASR/processed_qasr_segments_part2/train/shard_000004.arrow
- /workspace/asr/Palestinian-ASR/processed_qasr_segments_part2/train/shard_000005.arrow
- /workspace/asr/Palestinian-ASR/processed_qasr_segments_part2/train/shard_000006.arrow
- /workspace/asr/Palestinian-ASR/processed_qasr_segments_part2/train/shard_000007.arrow
- /workspace/asr/Palestinian-ASR/processed_qasr_segments_part2/train/shard_000008.arrow
- /workspace/asr/Palestinian-ASR/processed_qasr_segments_part2/train/shard_000009.arrow
[2026-07-30 14:00:49] START cleaning
[2026-07-30 14:00:49] Input files: 24
[2026-07-30 14:00:49] Output root: /workspace/asr/Palestinian-ASR/data_cleaned_text_qasr_part2_v1
Files:   0%|          | 0/24 [00:00<?, ?it/s][2026-07-30 14:00:49] FILE 1/24: /workspace/asr/Palestinian-ASR/processed_qasr_segments_part2/train/shard_000000.arrow
Files:   4%|▍         | 1/24 [00:05<02:00,  5.24s/it][2026-07-30 14:00:54] FILE 2/24: /workspace/asr/Palestinian-ASR/processed_qasr_segments_part2/train/shard_000001.arrow
Files:   8%|▊         | 2/24 [00:10<02:01,  5.52s/it][2026-07-30 14:01:00] FILE 3/24: /workspace/asr/Palestinian-ASR/processed_qasr_segments_part2/train/shard_000002.arrow
Files:  12%|█▎        | 3/24 [00:17<02:01,  5.81s/it][2026-07-30 14:01:06] FILE 4/24: /workspace/asr/Palestinian-ASR/processed_qasr_segments_part2/train/shard_000003.arrow
Files:  17%|█▋        | 4/24 [00:22<01:50,  5.54s/it][2026-07-30 14:01:11] FILE 5/24: /workspace/asr/Palestinian-ASR/processed_qasr_segments_part2/train/shard_000004.arrow
Files:  21%|██        | 5/24 [00:27<01:42,  5.40s/it][2026-07-30 14:01:16] FILE 6/24: /workspace/asr/Palestinian-ASR/processed_qasr_segments_part2/train/shard_000005.arrow
Files:  25%|██▌       | 6/24 [00:32<01:38,  5.46s/it][2026-07-30 14:01:22] FILE 7/24: /workspace/asr/Palestinian-ASR/processed_qasr_segments_part2/train/shard_000006.arrow
Files:  29%|██▉       | 7/24 [00:37<01:28,  5.21s/it][2026-07-30 14:01:27] FILE 8/24: /workspace/asr/Palestinian-ASR/processed_qasr_segments_part2/train/shard_000007.arrow
Files:  33%|███▎      | 8/24 [00:42<01:19,  4.99s/it][2026-07-30 14:01:31] FILE 9/24: /workspace/asr/Palestinian-ASR/processed_qasr_segments_part2/train/shard_000008.arrow
Files:  38%|███▊      | 9/24 [00:47<01:15,  5.07s/it][2026-07-30 14:01:36] FILE 10/24: /workspace/asr/Palestinian-ASR/processed_qasr_segments_part2/train/shard_000009.arrow
Files:  42%|████▏     | 10/24 [00:53<01:15,  5.41s/it][2026-07-30 14:01:43] FILE 11/24: /workspace/asr/Palestinian-ASR/processed_qasr_segments_part2/train/shard_000010.arrow
