[2026-07-26T13:48:05+00:00] === QASR full pipeline starting ===
[2026-07-26T13:48:05+00:00] Log file: /root/Palestinian-ASR/.logs/qasr_full_extract_20260726_134805.log
[2026-07-26T13:48:05+00:00] CPUs to use: 4
[2026-07-26T13:48:05+00:00] Downloading qasr_wav_v1.0.tar.bz2.part_ac (attempt 1, resuming with -c)...
--2026-07-26 13:48:05--  https://arabicspeechdata.blob.core.windows.net/data/qasr_wav_v1.0.tar.bz2.part_ac?sp=rl&st=2025-03-08T09:23:55Z&se=2030-03-08T17:23:55Z&spr=https&sv=2022-11-02&sr=c&sig=D8KB7c2B5f4c6ikXd4nHl8QR620lTk3C0SMaB1rZeN0%3D
Resolving arabicspeechdata.blob.core.windows.net (arabicspeechdata.blob.core.windows.net)... 20.209.105.1
Connecting to arabicspeechdata.blob.core.windows.net (arabicspeechdata.blob.core.windows.net)|20.209.105.1|:443... connected.
HTTP request sent, awaiting response... 200 OK
Length: 48318382080 (45G) [application/octet-stream]
Saving to: 'qasr_wav_v1.0.tar.bz2.part_ac'

     0K .......... .......... .......... .......... ..........  0%  696K 18h50m
    50K .......... .......... .......... .......... ..........  0%  506K 22h21m
   100K .......... .......... .......... .......... ..........  0%  495K 23h44m
   150K .......... .......... .......... .......... ..........  0%  478K 24h39m
   200K .......... .......... .......... .......... ..........  0%  642K 23h48m
   250K .......... .......... .......... .......... ..........  0%  988K 22h3m
   300K .......... .......... .......... .......... ..........  0%  876K 21h2m
   350K .......... .......... .......... .......... ..........  0%  668K 20h51m
   400K .......... .......... .......... .......... ..........  0% 1021K 19h58m
   450K .......... .......... .......... .......... ..........  0% 1.06M 19h11m
   500K .......... .......... .......... .......... ..........  0%  780K 18h58m
   550K .......... .......... .......... .......... ..........  0%  799K 18h45m
   600K .......... .......... .......... .......... ..........  0% 1.12M 18h11m
   650K .......... .......... .......... .......... ..........  0%  909K 17h55m
   700K .......... .......... .......... .......... ..........  0% 1.07M 17h31m
   750K .......... .......... .......... .......... ..........  0%  749K 17h31m
   800K .......... .......... .......... .......... ..........  0% 1.05M 17h12m
   850K .......... .......... .......... .......... ..........  0%  920K 17h2m
   900K .......... .......... .......... .......... ..........  0% 1.04M 16h47m
   950K .......... .......... .......... .......... ..........  0%  155K 20h10m
  1000K .......... .......... .......... .......... ..........  0%  693K 20h6m
  1050K .......... .......... .......... .......... ..........  0%  755K 19h58m
  1100K .......... .......... .......... .......... ..........  0%  914K 19h44m
  1150K .......... .......... .......... .......... ..........  0%  814K 19h35m
  1200K .......... .......... .......... .......... ..........  0% 1.09M 19h16m
  1250K .......... .......... .......... .......... ..........  0%  795K 19h9m
  1300K .......... .......... .......... .......... ..........  0%  819K 19h2m
  1350K .......... .......... .......... .......... ..........  0%  900K 18h53m
  1400K .......... .......... .......... .......... ..........  0%  785K 18h48m
  1450K .......... .......... .......... .......... ..........  0% 1.04M 18h35m
  1500K .......... .......... .......... .......... ..........  0%  844K 18h29m
  1550K .......... .......... .......... .......... ..........  0%  146K 20h43m
  1600K .......... .......... .......... .......... ..........  0%  527K 20h50m
  1650K .......... .......... .......... .......... ..........  0%  555K 20h55m
  1700K .......... .......... .......... .......... ..........  0%  591K 20h57m
  1750K .......... .......... .......... .......... ..........  0%  624K 20h57m
  1800K .......... .......... .......... .......... ..........  0%  802K 20h50m
  1850K .......... .......... .......... .......... ..........  0%  748K 20h45m
  1900K .......... .......... .......... .......... ..........  0%  707K 20h41m
  1950K .......... .......... .......... .......... ..........  0%  561K 20h45m
  2000K .......... .......... .......... .......... ..........  0%  849K 20h37m
  2050K .......... .......... .......... .......... ..........  0%  709K 20h34m
  2100K .......... .......... .......... .......... ..........  0%  616K 20h35m
  2150K .......... .......... .......... .......... ..........  0%  632K 20h35m
  2200K .......... .......... .......... .......... ..........  0%  771K 20h31m
  2250K .......... .......... .......... .......... ..........  0%  707K 20h28m
  2300K .......... .......... .......... .......... ..........  0% 1.08M 20h17m
  2350K .......... .......... .......... .......... ..........  0%  765K 20h13m
  2400K .......... .......... .......... .......... ..........  0%  167K 21h24m
  2450K .......... .......... .......... .......... ..........  0%  574K 21h26m
  2500K .......... .......... .......... .......... ..........  0%  602K 21h27m
  2550K .......... .......... .......... .......... ..........  0%  563K 21h29m
  2600K .......... .......... .......... .......... ..........  0% 1.06M 21h18m
  2650K .......... .......... .......... .......... ..........  0%  941K 21h10m
  2700K .......... .......... .......... .......... ..........  0% 1.35M 20h57m
  2750K .......... .......... .......... .......... ..........  0%  727K 20h54m
  2800K .......... .......... .......... .......... ..........  0%  942K 20h47m
  2850K .......... .......... .......... .......... ..........  0%  906K 20h40m
  2900K .......... .......... .......... .......... ..........  0%  866K 20h34m
  2950K .......... .......... .......... .......... ..........  0%  150K 21h41m
  3000K .......... .......... .......... .......... ..........  0%  151K 22h45m
  3050K .......... .......... .......... .......... ..........  0%  531K 22h47m
  3100K .......... .......... .......... .......... ..........  0%  499K 22h51m
  3150K .......... .......... .......... .......... ..........  0%  146K 23h53m
  3200K .......... .......... .......... .......... ..........  0%  451K 23h58m
  3250K .......... .......... .......... .......... ..........  0%  547K 23h58m
  3300K .......... .......... .......... .......... ..........  0%  133K 25h5m
  3350K .......... .......... .......... .......... ..........  0%  544K 25h4m
  3400K .......... .......... .......... .......... ..........  0%  675K 24h59m
  3450K .......... .......... .......... .......... ..........  0%  562K 24h58m
  3500K .......... .......... .......... .......... ..........  0%  497K 24h59m
  3550K .......... .......... .......... .......... ..........  0%  531K 24h59m
  3600K .......... .......... .......... .......... ..........  0%  681K 24h54m
  3650K .......... .......... .......... .......... ..........  0%  636K 24h50m
  3700K .......... .......... .......... .......... ..........  0%  141K 25h45m
  3750K .......... .......... .......... .......... ..........  0%  123K 26h49m
  3800K .......... .......... .......... .......... ..........  0%  398K 26h53m
  3850K .......... .......... .......... .......... ..........  0%  134K 27h48m
  3900K .......... .......... .......... .......... ..........  0%  466K 27h48m
  3950K .......... .......... .......... .......... ..........  0%  429K 27h50m
  4000K .......... .......... .......... .......... ..........  0%  518K 27h49m
  4050K .......... .......... .......... .......... ..........  0%  593K 27h44m
  4100K .......... .......... .......... .......... ..........  0% 1.47M 27h31m
  4150K .......... .......... .......... .......... ..........  0% 1.19M 27h19m
  4200K .......... .......... .......... .......... ..........  0% 1.17M 27h7m
  4250K .......... .......... .......... .......... ..........  0% 1.49M 26h54m
  4300K .......... .......... .......... .......... ..........  0% 1.18M 26h43m
  4350K .......... .......... .......... .......... ..........  0% 1.48M 26h31m
  4400K .......... .......... .......... .......... ..........  0% 1.07M 26h21m
  4450K .......... .......... .......... .......... ..........  0% 1.63M 26h9m
  4500K .......... .......... .......... .......... ..........  0% 1.61M 25h57m
  4550K .......... .......... .......... .......... ..........  0%  200K 26h22m
  4600K .......... .......... .......... .......... ..........  0%  458K 26h24m
  4650K .......... .......... .......... .......... ..........  0%  858K 26h17m
  4700K .......... .......... .......... .......... ..........  0%  166K 26h50m
  4750K .......... .......... .......... .......... ..........  0%  591K 26h47m
  4800K .......... .......... .......... .......... ..........  0%  535K 26h45m
  4850K .......... .......... .......... .......... ..........  0%  919K 26h38m
  4900K .......... .......... .......... .......... ..........  0% 1.02M 26h29m
  4950K .......... .......... .......... .......... ..........  0% 1.57M 26h18m
  5000K .......... .......... .......... .......... ..........  0% 1.06M 26h10m
  5050K .......... .......... .......... .......... ..........  0% 1.59M 25h59m
  5100K .......... .......... .......... .......... ..........  0% 1.38M 25h49m
  5150K .......... .......... .......... .......... ..........  0% 1.73M 25h39m
  5200K .......... .......... .......... .......... ..........  0% 1.37M 25h29m
  5250K .......... .......... .......... .......... ..........  0% 1.21M 25h21m
  5300K .......... .......... .......... .......... ..........  0% 1.30M 25h12m
  5350K .......... .......... .......... .......... ..........  0% 1.39M 25h3m
  5400K .......... .......... .......... .......... ..........  0%  871K 24h58m
  5450K .......... .......... .......... .......... ..........  0% 1.40M 24h49m
  5500K .......... .......... .......... .......... ..........  0% 1.07M 24h42m
  5550K .......... .......... .......... .......... ..........  0% 1.28M 24h34m
  5600K .......... .......... .......... .......... ..........  0%  164K 25h4m
  5650K .......... .......... .......... .......... ..........  0%  753K 25h0m
  5700K .......... .......... .......... .......... ..........  0%  880K 24h54m
  5750K .......... .......... .......... .......... ..........  0%  655K 24h52m
  5800K .......... .......... .......... .......... ..........  0%  184K 25h16m
  5850K .......... .......... .......... .......... ..........  0%  525K 25h15m
  5900K .......... .......... .......... .......... ..........  0%  774K 25h11m
  5950K .......... .......... .......... .......... ..........  0%  630K 25h9m
  6000K .......... .......... .......... .......... ..........  0%  728K 25h5m
  6050K .......... .......... .......... .......... ..........  0% 1.28M 24h58m
  6100K .......... .......... .......... .......... ..........  0% 1.09M 24h52m
  6150K .......... .......... .......... .......... ..........  0% 1.40M 24h44m
  6200K .......... .......... .......... .......... ..........  0%  165K 25h10m
  6250K .......... .......... .......... .......... ..........  0%  845K 25h6m
  6300K .......... .......... .......... .......... ..........  0% 1.05M 25h0m
  6350K .......... .......... .......... .......... ..........  0%  888K 24h55m
  6400K .......... .......... .......... .......... ..........  0%  869K 24h50m
  6450K .......... .......... .......... .......... ..........  0%  718K 24h47m
  6500K .......... .......... .......... .......... ..........  0%  894K 24h42m
  6550K .......... .......... .......... .......... ..........  0% 1014K 24h37m
  6600K .......... .......... .......... .......... ..........  0%  893K 24h33m
  6650K .......... .......... .......... .......... ..........  0% 1.06M 24h27m
  6700K .......... .......... .......... .......... ..........  0%  959K 24h22m
  6750K .......... .......... .......... .......... ..........  0% 1.04M 24h17m
  6800K .......... .......... .......... .......... ..........  0%  145K 24h46m
  6850K .......... .......... .......... .......... ..........  0%  159K 25h11m
  6900K .......... .......... .......... .......... ..........  0%  571K 25h10m
  6950K .......... .......... .......... .......... ..........  0%  552K 25h9m
  7000K .......... .......... .......... .......... ..........  0%  777K 25h6m
  7050K .......... .......... .......... .......... ..........  0%  171K 25h28m
  7100K .......... .......... .......... .......... ..........  0%  670K 25h25m
  7150K .......... .......... .......... .......... ..........  0% 1004K 25h20m
  7200K .......... .......... .......... .......... ..........  0%  673K 25h18m
  7250K .......... .......... .......... .......... ..........  0%  760K 25h14m
  7300K .......... .......... .......... .......... ..........  0%  896K 25h10m
  7350K .......... .......... .......... .......... ..........  0%  174K 25h30m
  7400K .......... .......... .......... .......... ..........  0%  519K 25h30m
  7450K .......... .......... .......... .......... ..........  0%  916K 25h26m
  7500K .......... .......... .......... .......... ..........  0%  707K 25h23m
  7550K .......... .......... .......... .......... ..........  0%  692K 25h20m
  7600K .......... .......... .......... .......... ..........  0%  643K 25h19m
  7650K .......... .......... .......... .......... ..........  0% 1.28M 25h13m
  7700K .......... .......... .......... .......... ..........  0% 1.04M 25h8m
  7750K .......... .......... .......... .......... ..........  0% 1017K 25h3m
  7800K .......... .......... .......... .......... ..........  0%  164K 25h24m
  7850K .......... .......... .......... .......... ..........  0%  626K 25h22m
  7900K .......... .......... .......... .......... ..........  0%  752K 25h19m
  7950K .......... .......... .......... .......... ..........  0%  716K 25h17m
  8000K .......... .......... .......... .......... ..........  0%  931K 25h12m
  8050K .......... .......... .......... .......... ..........  0%  102K 25h51m
  8100K .......... .......... .......... .......... ..........  0%  413K 25h53m
  8150K .......... .......... .......... .......... ..........  0%  690K 25h50m
  8200K .......... .......... .......... .......... ..........  0%  575K 25h49m
  8250K .......... .......... .......... .......... ..........  0%  725K 25h47m
  8300K .......... .......... .......... .......... ..........  0%  825K 25h43m
  8350K .......... .......... .......... .......... ..........  0%  168K 26h2m
  8400K .......... .......... .......... .......... ..........  0%  147K 26h24m
  8450K .......... .......... .......... .......... ..........  0%  171K 26h42m
  8500K .......... .......... .......... .......... ..........  0%  417K 26h43m
  8550K .......... .......... .......... .......... ..........  0%  627K 26h41m
  8600K .......... .......... .......... .......... ..........  0%  144K 27h4m
  8650K .......... .......... .......... .......... ..........  0%  651K 27h1m
  8700K .......... .......... .......... .......... ..........  0%  836K 26h57m
  8750K .......... .......... .......... .......... ..........  0%  826K 26h53m
  8800K .......... .......... .......... .......... ..........  0% 1.19M 26h48m
  8850K .......... .......... .......... .......... ..........  0% 1.65M 26h42m
  8900K .......... .......... .......... .......... ..........  0% 1.32M 26h36m
  8950K .......... .......... .......... .......... ..........  0%  171K 26h53m
  9000K .......... .......... .......... .......... ..........  0%  182K 27h8m
  9050K .......... .......... .......... .......... ..........  0%  558K 27h6m
  9100K .......... .......... .......... .......... ..........  0%  712K 27h3m
  9150K .......... .......... .......... .......... ..........  0%  666K 27h1m
  9200K .......... .......... .......... .......... ..........  0% 87.5K 27h41m
  9250K .......... .......... .......... .......... ..........  0%  755K 27h38m
  9300K .......... .......... .......... .......... ..........  0%  853K 27h34m
  9350K .......... .......... .......... .......... ..........  0% 1.03M 27h29m
  9400K .......... .......... .......... .......... ..........  0%  732K 27h26m
  9450K .......... .......... .......... .......... ..........  0%  949K 27h21m
  9500K .......... .......... .......... .......... ..........  0% 1021K 27h17m
  9550K .......... .......... .......... .......... ..........  0% 1.45M 27h11m
  9600K .......... .......... .......... .......... ..........  0% 1.08M 27h6m
  9650K .......... .......... .......... .......... ..........  0%  168K 27h22m
  9700K .......... .......... .......... .......... ..........  0% 1.03M 27h17m
  9750K .......... .......... .......... .......... ..........  0%  898K 27h14m
  9800K .......... .......... .......... .......... ..........  0% 1009K 27h9m
  9850K .......... .......... .......... .......... ..........  0%  176K 27h23m
  9900K .......... .......... .......... .......... ..........  0%  146K 27h42m
  9950K .......... .......... .......... .......... ..........  0%  658K 27h40m
 10000K .......... .......... .......... .......... ..........  0%  710K 27h37m
 10050K .......... .......... .......... .......... ..........  0% 1.10M 27h32m
 10100K .......... .......... .......... .......... ..........  0%  165K 27h48m
 10150K .......... .......... .......... .......... ..........  0%  186K 28h0m
 10200K .......... .......... .......... .......... ..........  0%  538K 27h59m
 10250K .......... .......... .......... .......... ..........  0% 1.17M 27h54m
 10300K .......... .......... .......... .......... ..........  0%  889K 27h50m
 10350K .......... .......... .......... .......... ..........  0% 1.34M 27h45m
 10400K .......... .......... .......... .......... ..........  0%  733K 27h42m
 10450K .......... .......... .......... .......... ..........  0% 2.22M 27h36m
 10500K .......... .......... .......... .......... ..........  0% 1.31M 27h31m
 10550K .......... .......... .......... .......... ..........  0% 1.82M 27h25m
 10600K .......... .......... .......... .......... ..........  0% 1.59M 27h20m
 10650K .......... .......... .......... .......... ..........  0% 1.44M 27h14m
 10700K .......... .......... .......... .......... ..........  0% 1.78M 27h9m
 10750K .......... .......... .......... .......... ..........  0% 1.80M 27h3m
 10800K .......... .......... .......... .......... ..........  0% 1.54M 26h58m
 10850K .......... .......... .......... .......... ..........  0% 1.25M 26h54m
 10900K .......... .......... .......... .......... ..........  0% 1.81M 26h48m
 10950K .......... .......... .......... .......... ..........  0% 1.75M 26h43m
 11000K .......... .......... .......... .......... ..........  0% 1.33M 26h38m
 11050K .......... .......... .......... .......... ..........  0%  183K 26h50m
 11100K .......... .......... .......... .......... ..........  0% 1.13M 26h46m
 11150K .......... .......... .......... .......... ..........  0% 1.51M 26h41m
 11200K .......... .......... .......... .......... ..........  0% 1014K 26h37m
 11250K .......... .......... .......... .......... ..........  0% 1.45M 26h33m
 11300K .......... .......... .......... .......... ..........  0% 1.24M 26h28m
 11350K .......... .......... .......... .......... ..........  0%  177K 26h41m
 11400K .......... .......... .......... .......... ..........  0%  959K 26h38m
 11450K .......... .......... .......... .......... ..........  0% 1.50M 26h33m
 11500K .......... .......... .......... .......... ..........  0% 1.53M 26h28m
 11550K .......... .......... .......... .......... ..........  0% 1.18M 26h24m
 11600K .......... .......... .......... .......... ..........  0% 1.03M 26h20m
 11650K .......... .......... .......... .......... ..........  0% 1.25M 26h16m
 11700K .......... .......... .......... .......... ..........  0% 2.00M 26h11m
 11750K .......... .......... .......... .......... ..........  0% 2.37M 26h6m
 11800K .......... .......... .......... .......... ..........  0%  178K 26h18m
 11850K .......... .......... .......... .......... ..........  0% 1.52M 26h13m
 11900K .......... .......... .......... .......... ..........  0% 1.41M 26h9m
 11950K .......... .......... .......... .......... ..........  0% 1.96M 26h4m
 12000K .......... .......... .......... .......... ..........  0% 1.76M 26h0m
 12050K .......... .......... .......... .......... ..........  0% 2.08M 25h55m
 12100K .......... .......... .......... .......... ..........  0% 1.27M 25h51m
 12150K .......... .......... .......... .......... ..........  0% 2.49M 25h46m
 12200K .......... .......... .......... .......... ..........  0% 2.36M 25h41m
 12250K .......... .......... .......... .......... ..........  0%  209K 25h50m
 12300K .......... .......... .......... .......... ..........  0%  762K 25h48m
 12350K .......... .......... .......... .......... ..........  0% 1.28M 25h44m
 12400K .......... .......... .......... .......... ..........  0% 1.57M 25h40m
 12450K .......... .......... .......... .......... ..........  0% 1.91M 25h35m
 12500K .......... .......... .......... .......... ..........  0% 1.95M 25h30m
 12550K .......... .......... .......... .......... ..........  0% 1.35M 25h27m
 12600K .......... .......... .......... .......... ..........  0% 1.40M 25h23m
 12650K .......... .......... .......... .......... ..........  0% 2.58M 25h18m
 12700K .......... .......... .......... .......... ..........  0% 1.91M 25h14m
 12750K .......... .......... .......... .......... ..........  0% 2.80M 25h9m
 12800K .......... .......... .......... .......... ..........  0% 2.45M 25h4m
 12850K .......... .......... .......... .......... ..........  0% 2.33M 24h59m
 12900K .......... .......... .......... .......... ..........  0% 2.83M 24h55m
 12950K .......... .......... .......... .......... ..........  0% 1.66M 24h51m
 13000K .......... .......... .......... .......... ..........  0% 2.21M 24h46m
 13050K .......... .......... .......... .......... ..........  0% 2.26M 24h42m
 13100K .......... .......... .......... .......... ..........  0% 2.49M 24h38m
 13150K .......... .......... .......... .......... ..........  0% 1.81M 24h34m
 13200K .......... .......... .......... .......... ..........  0% 2.04M 24h29m
 13250K .......... .......... .......... .......... ..........  0% 2.58M 24h25m
 13300K .......... .......... .......... .......... ..........  0% 2.18M 24h21m
 13350K .......... .......... .......... .......... ..........  0% 2.00M 24h17m
 13400K .......... .......... .......... .......... ..........  0% 1.94M 24h13m
 13450K .......... .......... .......... .......... ..........  0%  186K 24h23m
 13500K .......... .......... .......... .......... ..........  0% 1.46M 24h20m
 13550K .......... .......... .......... .......... ..........  0% 1.90M 24h16m
 13600K .......... .......... .......... .......... ..........  0% 1.84M 24h12m
 13650K .......... .......... .......... .......... ..........  0% 2.64M 24h8m
 13700K .......... .......... .......... .......... ..........  0% 1.61M 24h4m
 13750K .......... .......... .......... .......... ..........  0% 2.61M 24h0m
 13800K .......... .......... .......... .......... ..........  0% 1.55M 23h57m
 13850K .......... .......... .......... .......... ..........  0% 3.03M 23h52m
 13900K .......... .......... .......... .......... ..........  0% 2.07M 23h49m
 13950K .......... .......... .......... .......... ..........  0% 3.33M 23h44m
 14000K .......... .......... .......... .......... ..........  0% 3.30M 23h40m
 14050K .......... .......... .......... .......... ..........  0% 4.12M 23h36m
 14100K .......... .......... .......... .......... ..........  0% 3.49M 23h31m
 14150K .......... .......... .......... .......... ..........  0% 3.87M 23h27m
 14200K .......... .......... .......... .......... ..........  0% 2.11M 23h23m
 14250K .......... .......... .......... .......... ..........  0% 3.87M 23h19m
 14300K .......... .......... .......... .......... ..........  0% 3.19M 23h15m
 14350K .......... .......... .......... .......... ..........  0% 3.45M 23h11m
 14400K .......... .......... .......... .......... ..........  0%  217K 23h19m
 14450K .......... .......... .......... .......... ..........  0%  808K 23h17m
 14500K .......... .......... .......... .......... ..........  0% 1.99M 23h14m
 14550K .......... .......... .......... .......... ..........  0% 1.76M 23h11m
 14600K .......... .......... .......... .......... ..........  0% 1.10M 23h8m
 14650K .......... .......... .......... .......... ..........  0% 2.01M 23h5m
 14700K .......... .......... .......... .......... ..........  0% 1.54M 23h2m
 14750K .......... .......... .......... .......... ..........  0% 1.57M 22h59m
 14800K ..