{"processed_rows": 213958, "total_rows": 1508531, "percent_complete": 14.1832, "phase": "qasr source rewrite", "timestamp_utc": "2026-07-31T15:03:32Z"}
{"processed_rows": 421083, "total_rows": 1508531, "percent_complete": 27.9134, "phase": "qasr source rewrite", "timestamp_utc": "2026-07-31T15:08:35Z"}
{"processed_rows": 632664, "total_rows": 1508531, "percent_complete": 41.9391, "phase": "qasr source rewrite", "timestamp_utc": "2026-07-31T15:13:35Z"}
{"processed_rows": 837949, "total_rows": 1508531, "percent_complete": 55.5474, "phase": "qasr source rewrite", "timestamp_utc": "2026-07-31T15:18:39Z"}
{"processed_rows": 1039267, "total_rows": 1508531, "percent_complete": 68.8927, "phase": "qasr source rewrite", "timestamp_utc": "2026-07-31T15:23:41Z"}
{"processed_rows": 1244346, "total_rows": 1508531, "percent_complete": 82.4873, "phase": "qasr source rewrite", "timestamp_utc": "2026-07-31T15:28:46Z"}
{"processed_rows": 1445105, "total_rows": 1508531, "percent_complete": 95.7955, "phase": "qasr source rewrite", "timestamp_utc": "2026-07-31T15:33:51Z"}
{"processed_rows": 1508531, "total_rows": 1508531, "percent_complete": 100.0, "phase": "qasr source rewrite", "timestamp_utc": "2026-07-31T15:35:30Z"}
{
  "qasr/lev": {
    "train": 21824,
    "val": 4676,
    "test": 4678
  },
  "qasr/non_lev": {
    "train": 1034147,
    "val": 221602,
    "test": 221604
  },
  "omni": {
    "train": 0,
    "val": 0,
    "test": 0
  },
  "layla": {
    "train": 0,
    "val": 0,
    "test": 0
  },
  "casa/pal": {
    "train": 0,
    "val": 0,
    "test": 0
  },
  "casa/jor": {
    "train": 0,
    "val": 0,
    "test": 0
  }
}
Wrote summary to /workspace/asr/Palestinian-ASR/data_curated_levant_binary_qasr_only_v1/reports/summary.json
