{"processed_rows": 95386, "total_rows": 373479, "percent_complete": 25.5399, "phase": "masc source rewrite", "timestamp_utc": "2026-07-31T18:01:49Z"}
{"processed_rows": 188884, "total_rows": 373479, "percent_complete": 50.5742, "phase": "masc source rewrite", "timestamp_utc": "2026-07-31T18:06:51Z"}
{"processed_rows": 279285, "total_rows": 373479, "percent_complete": 74.7793, "phase": "masc source rewrite", "timestamp_utc": "2026-07-31T18:11:52Z"}
{"processed_rows": 366769, "total_rows": 373479, "percent_complete": 98.2034, "phase": "masc source rewrite", "timestamp_utc": "2026-07-31T18:16:55Z"}
{"processed_rows": 373479, "total_rows": 373479, "percent_complete": 100.0, "phase": "masc source rewrite", "timestamp_utc": "2026-07-31T18:17:22Z"}
{
  "masc/lev": {
    "train": 5749,
    "val": 1232,
    "test": 1233
  },
  "masc/non_lev": {
    "train": 255685,
    "val": 54789,
    "test": 54791
  },
  "omni": {
    "train": 0,
    "val": 0,
    "test": 0
  },
  "layla": {
    "train": 0,
    "val": 0,
    "test": 0
  },
  "casa/pal": {
    "train": 0,
    "val": 0,
    "test": 0
  },
  "casa/jor": {
    "train": 0,
    "val": 0,
    "test": 0
  }
}
Wrote summary to /workspace/asr/Palestinian-ASR/data_curated_levant_binary_masc_c_only_v1/reports/summary.json
