[2026-07-30 14:43:22] START cleaning
[2026-07-30 14:43:22] Input files: 304
[2026-07-30 14:43:22] Output root: /workspace/asr/Palestinian-ASR/data_cleaned_text_qasr_part2_v1
[2026-07-30 14:43:22] FILE 1/304: /workspace/asr/Palestinian-ASR/processed_qasr_segments_part2/train/shard_000000.arrow
[2026-07-30 14:43:26] FILE 2/304: /workspace/asr/Palestinian-ASR/processed_qasr_segments_part2/train/shard_000001.arrow
[2026-07-30 14:43:32] FILE 3/304: /workspace/asr/Palestinian-ASR/processed_qasr_segments_part2/train/shard_000002.arrow
[2026-07-30 14:43:39] FILE 4/304: /workspace/asr/Palestinian-ASR/processed_qasr_segments_part2/train/shard_000003.arrow
[2026-07-30 14:43:45] FILE 5/304: /workspace/asr/Palestinian-ASR/processed_qasr_segments_part2/train/shard_000004.arrow
[2026-07-30 14:43:50] FILE 6/304: /workspace/asr/Palestinian-ASR/processed_qasr_segments_part2/train/shard_000005.arrow
[2026-07-30 14:43:56] FILE 7/304: /workspace/asr/Palestinian-ASR/processed_qasr_segments_part2/train/shard_000006.arrow
[2026-07-30 14:44:02] FILE 8/304: /workspace/asr/Palestinian-ASR/processed_qasr_segments_part2/train/shard_000007.arrow
[2026-07-30 14:44:07] FILE 9/304: /workspace/asr/Palestinian-ASR/processed_qasr_segments_part2/train/shard_000008.arrow
[2026-07-30 14:44:12] FILE 10/304: /workspace/asr/Palestinian-ASR/processed_qasr_segments_part2/train/shard_000009.arrow
[2026-07-30 14:44:18] FILE 11/304: /workspace/asr/Palestinian-ASR/processed_qasr_segments_part2/train/shard_000010.arrow
[2026-07-30 14:44:23] FILE 12/304: /workspace/asr/Palestinian-ASR/processed_qasr_segments_part2/train/shard_000011.arrow
[2026-07-30 14:44:29] FILE 13/304: /workspace/asr/Palestinian-ASR/processed_qasr_segments_part2/train/shard_000012.arrow
[2026-07-30 14:44:34] FILE 14/304: /workspace/asr/Palestinian-ASR/processed_qasr_segments_part2/train/shard_000013.arrow
[2026-07-30 14:44:39] PROGRESS rows=53,538 kept=50,412 dropped=3,126 rows/sec=695.6
[2026-07-30 14:44:39] FILE 15/304: /workspace/asr/Palestinian-ASR/processed_qasr_segments_part2/train/shard_000014.arrow
[2026-07-30 14:44:43] FILE 16/304: /workspace/asr/Palestinian-ASR/processed_qasr_segments_part2/train/shard_000015.arrow
[2026-07-30 14:44:49] FILE 17/304: /workspace/asr/Palestinian-ASR/processed_qasr_segments_part2/train/shard_000016.arrow
[2026-07-30 14:44:55] FILE 18/304: /workspace/asr/Palestinian-ASR/processed_qasr_segments_part2/train/shard_000017.arrow
[2026-07-30 14:45:01] FILE 19/304: /workspace/asr/Palestinian-ASR/processed_qasr_segments_part2/train/shard_000018.arrow
[2026-07-30 14:45:07] FILE 20/304: /workspace/asr/Palestinian-ASR/processed_qasr_segments_part2/train/shard_000019.arrow
[2026-07-30 14:45:13] FILE 21/304: /workspace/asr/Palestinian-ASR/processed_qasr_segments_part2/train/shard_000020.arrow
[2026-07-30 14:45:18] FILE 22/304: /workspace/asr/Palestinian-ASR/processed_qasr_segments_part2/train/shard_000021.arrow
[2026-07-30 14:45:24] FILE 23/304: /workspace/asr/Palestinian-ASR/processed_qasr_segments_part2/train/shard_000022.arrow
[2026-07-30 14:45:30] FILE 24/304: /workspace/asr/Palestinian-ASR/processed_qasr_segments_part2/train/shard_000023.arrow
[2026-07-30 14:45:35] FILE 25/304: /workspace/asr/Palestinian-ASR/processed_qasr_segments_part2/train/shard_000024.arrow
[2026-07-30 14:45:42] FILE 26/304: /workspace/asr/Palestinian-ASR/processed_qasr_segments_part2/train/shard_000025.arrow
[2026-07-30 14:45:46] FILE 27/304: /workspace/asr/Palestinian-ASR/processed_qasr_segments_part2/train/shard_000026.arrow
[2026-07-30 14:45:52] PROGRESS rows=103,554 kept=97,546 dropped=6,008 rows/sec=687.9
[2026-07-30 14:45:52] FILE 28/304: /workspace/asr/Palestinian-ASR/processed_qasr_segments_part2/train/shard_000027.arrow
[2026-07-30 14:45:58] FILE 29/304: /workspace/asr/Palestinian-ASR/processed_qasr_segments_part2/train/shard_000028.arrow
[2026-07-30 14:46:04] FILE 30/304: /workspace/asr/Palestinian-ASR/processed_qasr_segments_part2/train/shard_000029.arrow
[2026-07-30 14:46:09] FILE 31/304: /workspace/asr/Palestinian-ASR/processed_qasr_segments_part2/train/shard_000030.arrow
[2026-07-30 14:46:13] FILE 32/304: /workspace/asr/Palestinian-ASR/processed_qasr_segments_part2/train/shard_000031.arrow
[2026-07-30 14:46:18] FILE 33/304: /workspace/asr/Palestinian-ASR/processed_qasr_segments_part2/train/shard_000032.arrow
[2026-07-30 14:46:24] FILE 34/304: /workspace/asr/Palestinian-ASR/processed_qasr_segments_part2/train/shard_000033.arrow
[2026-07-30 14:46:29] FILE 35/304: /workspace/asr/Palestinian-ASR/processed_qasr_segments_part2/train/shard_000034.arrow
[2026-07-30 14:46:33] FILE 36/304: /workspace/asr/Palestinian-ASR/processed_qasr_segments_part2/train/shard_000035.arrow
[2026-07-30 14:46:38] FILE 37/304: /workspace/asr/Palestinian-ASR/processed_qasr_segments_part2/train/shard_000036.arrow
[2026-07-30 14:46:43] FILE 38/304: /workspace/asr/Palestinian-ASR/processed_qasr_segments_part2/train/shard_000037.arrow
[2026-07-30 14:46:48] FILE 39/304: /workspace/asr/Palestinian-ASR/processed_qasr_segments_part2/train/shard_000038.arrow
[2026-07-30 14:46:53] FILE 40/304: /workspace/asr/Palestinian-ASR/processed_qasr_segments_part2/train/shard_000039.arrow
[2026-07-30 14:46:59] PROGRESS rows=154,177 kept=145,022 dropped=9,155 rows/sec=710.4
[2026-07-30 14:46:59] FILE 41/304: /workspace/asr/Palestinian-ASR/processed_qasr_segments_part2/train/shard_000040.arrow
[2026-07-30 14:47:05] FILE 42/304: /workspace/asr/Palestinian-ASR/processed_qasr_segments_part2/train/shard_000041.arrow
[2026-07-30 14:47:10] FILE 43/304: /workspace/asr/Palestinian-ASR/processed_qasr_segments_part2/train/shard_000042.arrow
[2026-07-30 14:47:16] FILE 44/304: /workspace/asr/Palestinian-ASR/processed_qasr_segments_part2/train/shard_000043.arrow
[2026-07-30 14:47:21] FILE 45/304: /workspace/asr/Palestinian-ASR/processed_qasr_segments_part2/train/shard_000044.arrow
[2026-07-30 14:47:25] FILE 46/304: /workspace/asr/Palestinian-ASR/processed_qasr_segments_part2/train/shard_000045.arrow
[2026-07-30 14:47:30] FILE 47/304: /workspace/asr/Palestinian-ASR/processed_qasr_segments_part2/train/shard_000046.arrow
[2026-07-30 14:47:36] FILE 48/304: /workspace/asr/Palestinian-ASR/processed_qasr_segments_part2/train/shard_000047.arrow
[2026-07-30 14:47:42] FILE 49/304: /workspace/asr/Palestinian-ASR/processed_qasr_segments_part2/train/shard_000048.arrow
[2026-07-30 14:47:49] FILE 50/304: /workspace/asr/Palestinian-ASR/processed_qasr_segments_part2/train/shard_000049.arrow
[2026-07-30 14:47:55] FILE 51/304: /workspace/asr/Palestinian-ASR/processed_qasr_segments_part2/train/shard_000050.arrow
[2026-07-30 14:48:00] FILE 52/304: /workspace/asr/Palestinian-ASR/processed_qasr_segments_part2/train/shard_000051.arrow
[2026-07-30 14:48:05] FILE 53/304: /workspace/asr/Palestinian-ASR/processed_qasr_segments_part2/train/shard_000052.arrow
[2026-07-30 14:48:10] FILE 54/304: /workspace/asr/Palestinian-ASR/processed_qasr_segments_part2/train/shard_000053.arrow
[2026-07-30 14:48:16] PROGRESS rows=207,730 kept=195,230 dropped=12,500 rows/sec=706.6
[2026-07-30 14:48:16] FILE 55/304: /workspace/asr/Palestinian-ASR/processed_qasr_segments_part2/train/shard_000054.arrow
[2026-07-30 14:48:22] FILE 56/304: /workspace/asr/Palestinian-ASR/processed_qasr_segments_part2/train/shard_000055.arrow
[2026-07-30 14:48:28] FILE 57/304: /workspace/asr/Palestinian-ASR/processed_qasr_segments_part2/train/shard_000056.arrow
[2026-07-30 14:48:34] FILE 58/304: /workspace/asr/Palestinian-ASR/processed_qasr_segments_part2/train/shard_000057.arrow
[2026-07-30 14:48:40] FILE 59/304: /workspace/asr/Palestinian-ASR/processed_qasr_segments_part2/train/shard_000058.arrow
[2026-07-30 14:48:45] FILE 60/304: /workspace/asr/Palestinian-ASR/processed_qasr_segments_part2/train/shard_000059.arrow
[2026-07-30 14:48:51] FILE 61/304: /workspace/asr/Palestinian-ASR/processed_qasr_segments_part2/train/shard_000060.arrow
[2026-07-30 14:48:56] FILE 62/304: /workspace/asr/Palestinian-ASR/processed_qasr_segments_part2/train/shard_000061.arrow
[2026-07-30 14:49:02] FILE 63/304: /workspace/asr/Palestinian-ASR/processed_qasr_segments_part2/train/shard_000062.arrow
[2026-07-30 14:49:07] FILE 64/304: /workspace/asr/Palestinian-ASR/processed_qasr_segments_part2/train/shard_000063.arrow
[2026-07-30 14:49:12] FILE 65/304: /workspace/asr/Palestinian-ASR/processed_qasr_segments_part2/train/shard_000064.arrow
[2026-07-30 14:49:18] FILE 66/304: /workspace/asr/Palestinian-ASR/processed_qasr_segments_part2/train/shard_000065.arrow
[2026-07-30 14:49:25] FILE 67/304: /workspace/asr/Palestinian-ASR/processed_qasr_segments_part2/train/shard_000066.arrow
[2026-07-30 14:49:31] PROGRESS rows=259,029 kept=243,693 dropped=15,336 rows/sec=702.3
[2026-07-30 14:49:31] FILE 68/304: /workspace/asr/Palestinian-ASR/processed_qasr_segments_part2/train/shard_000067.arrow
[2026-07-30 14:49:38] FILE 69/304: /workspace/asr/Palestinian-ASR/processed_qasr_segments_part2/train/shard_000068.arrow
[2026-07-30 14:49:44] FILE 70/304: /workspace/asr/Palestinian-ASR/processed_qasr_segments_part2/train/shard_000069.arrow
[2026-07-30 14:49:49] FILE 71/304: /workspace/asr/Palestinian-ASR/processed_qasr_segments_part2/train/shard_000070.arrow
[2026-07-30 14:49:56] FILE 72/304: /workspace/asr/Palestinian-ASR/processed_qasr_segments_part2/train/shard_000071.arrow
[2026-07-30 14:50:02] FILE 73/304: /workspace/asr/Palestinian-ASR/processed_qasr_segments_part2/train/shard_000072.arrow
[2026-07-30 14:50:07] FILE 74/304: /workspace/asr/Palestinian-ASR/processed_qasr_segments_part2/train/shard_000073.arrow
[2026-07-30 14:50:12] FILE 75/304: /workspace/asr/Palestinian-ASR/processed_qasr_segments_part2/train/shard_000074.arrow
[2026-07-30 14:50:18] FILE 76/304: /workspace/asr/Palestinian-ASR/processed_qasr_segments_part2/train/shard_000075.arrow
[2026-07-30 14:50:23] FILE 77/304: /workspace/asr/Palestinian-ASR/processed_qasr_segments_part2/train/shard_000076.arrow
[2026-07-30 14:50:28] FILE 78/304: /workspace/asr/Palestinian-ASR/processed_qasr_segments_part2/train/shard_000077.arrow
[2026-07-30 14:50:33] FILE 79/304: /workspace/asr/Palestinian-ASR/processed_qasr_segments_part2/train/shard_000078.arrow
[2026-07-30 14:50:37] FILE 80/304: /workspace/asr/Palestinian-ASR/processed_qasr_segments_part2/train/shard_000079.arrow
[2026-07-30 14:50:42] PROGRESS rows=310,355 kept=292,298 dropped=18,057 rows/sec=704.5
[2026-07-30 14:50:42] FILE 81/304: /workspace/asr/Palestinian-ASR/processed_qasr_segments_part2/train/shard_000080.arrow
[2026-07-30 14:50:48] FILE 82/304: /workspace/asr/Palestinian-ASR/processed_qasr_segments_part2/train/shard_000081.arrow
[2026-07-30 14:50:52] FILE 83/304: /workspace/asr/Palestinian-ASR/processed_qasr_segments_part2/train/shard_000082.arrow
[2026-07-30 14:50:57] FILE 84/304: /workspace/asr/Palestinian-ASR/processed_qasr_segments_part2/train/shard_000083.arrow
[2026-07-30 14:51:02] FILE 85/304: /workspace/asr/Palestinian-ASR/processed_qasr_segments_part2/train/shard_000084.arrow
[2026-07-30 14:51:07] FILE 86/304: /workspace/asr/Palestinian-ASR/processed_qasr_segments_part2/train/shard_000085.arrow
[2026-07-30 14:51:12] FILE 87/304: /workspace/asr/Palestinian-ASR/processed_qasr_segments_part2/train/shard_000086.arrow
[2026-07-30 14:51:18] FILE 88/304: /workspace/asr/Palestinian-ASR/processed_qasr_segments_part2/train/shard_000087.arrow
[2026-07-30 14:51:23] FILE 89/304: /workspace/asr/Palestinian-ASR/processed_qasr_segments_part2/train/shard_000088.arrow
[2026-07-30 14:51:28] FILE 90/304: /workspace/asr/Palestinian-ASR/processed_qasr_segments_part2/train/shard_000089.arrow
[2026-07-30 14:51:33] FILE 91/304: /workspace/asr/Palestinian-ASR/processed_qasr_segments_part2/train/shard_000090.arrow
[2026-07-30 14:51:39] FILE 92/304: /workspace/asr/Palestinian-ASR/processed_qasr_segments_part2/train/shard_000091.arrow
[2026-07-30 14:51:44] FILE 93/304: /workspace/asr/Palestinian-ASR/processed_qasr_segments_part2/train/shard_000092.arrow
[2026-07-30 14:51:50] PROGRESS rows=360,509 kept=339,942 dropped=20,567 rows/sec=709.6
[2026-07-30 14:51:50] FILE 94/304: /workspace/asr/Palestinian-ASR/processed_qasr_segments_part2/train/shard_000093.arrow
[2026-07-30 14:51:55] FILE 95/304: /workspace/asr/Palestinian-ASR/processed_qasr_segments_part2/train/shard_000094.arrow
[2026-07-30 14:52:01] FILE 96/304: /workspace/asr/Palestinian-ASR/processed_qasr_segments_part2/train/shard_000095.arrow
[2026-07-30 14:52:06] FILE 97/304: /workspace/asr/Palestinian-ASR/processed_qasr_segments_part2/train/shard_000096.arrow
[2026-07-30 14:52:11] FILE 98/304: /workspace/asr/Palestinian-ASR/processed_qasr_segments_part2/train/shard_000097.arrow
[2026-07-30 14:52:17] FILE 99/304: /workspace/asr/Palestinian-ASR/processed_qasr_segments_part2/train/shard_000098.arrow
[2026-07-30 14:52:24] FILE 100/304: /workspace/asr/Palestinian-ASR/processed_qasr_segments_part2/train/shard_000099.arrow
[2026-07-30 14:52:28] FILE 101/304: /workspace/asr/Palestinian-ASR/processed_qasr_segments_part2/train/shard_000100.arrow
[2026-07-30 14:52:34] FILE 102/304: /workspace/asr/Palestinian-ASR/processed_qasr_segments_part2/train/shard_000101.arrow
[2026-07-30 14:52:40] FILE 103/304: /workspace/asr/Palestinian-ASR/processed_qasr_segments_part2/train/shard_000102.arrow
[2026-07-30 14:52:45] FILE 104/304: /workspace/asr/Palestinian-ASR/processed_qasr_segments_part2/train/shard_000103.arrow
[2026-07-30 14:52:50] FILE 105/304: /workspace/asr/Palestinian-ASR/processed_qasr_segments_part2/train/shard_000104.arrow
[2026-07-30 14:52:57] FILE 106/304: /workspace/asr/Palestinian-ASR/processed_qasr_segments_part2/train/shard_000105.arrow
[2026-07-30 14:53:02] FILE 107/304: /workspace/asr/Palestinian-ASR/processed_qasr_segments_part2/train/shard_000106.arrow
[2026-07-30 14:53:07] PROGRESS rows=413,953 kept=390,366 dropped=23,587 rows/sec=707.5
[2026-07-30 14:53:07] FILE 108/304: /workspace/asr/Palestinian-ASR/processed_qasr_segments_part2/train/shard_000107.arrow
[2026-07-30 14:53:13] FILE 109/304: /workspace/asr/Palestinian-ASR/processed_qasr_segments_part2/train/shard_000108.arrow
[2026-07-30 14:53:17] FILE 110/304: /workspace/asr/Palestinian-ASR/processed_qasr_segments_part2/train/shard_000109.arrow
[2026-07-30 14:53:23] FILE 111/304: /workspace/asr/Palestinian-ASR/processed_qasr_segments_part2/train/shard_000110.arrow
[2026-07-30 14:53:29] FILE 112/304: /workspace/asr/Palestinian-ASR/processed_qasr_segments_part2/train/shard_000111.arrow
[2026-07-30 14:53:36] FILE 113/304: /workspace/asr/Palestinian-ASR/processed_qasr_segments_part2/train/shard_000112.arrow
[2026-07-30 14:53:43] FILE 114/304: /workspace/asr/Palestinian-ASR/processed_qasr_segments_part2/train/shard_000113.arrow
[2026-07-30 14:53:48] FILE 115/304: /workspace/asr/Palestinian-ASR/processed_qasr_segments_part2/train/shard_000114.arrow
[2026-07-30 14:53:53] FILE 116/304: /workspace/asr/Palestinian-ASR/processed_qasr_segments_part2/train/shard_000115.arrow
[2026-07-30 14:53:58] FILE 117/304: /workspace/asr/Palestinian-ASR/processed_qasr_segments_part2/train/shard_000116.arrow
[2026-07-30 14:54:03] FILE 118/304: /workspace/asr/Palestinian-ASR/processed_qasr_segments_part2/train/shard_000117.arrow
[2026-07-30 14:54:09] FILE 119/304: /workspace/asr/Palestinian-ASR/processed_qasr_segments_part2/train/shard_000118.arrow
[2026-07-30 14:54:14] FILE 120/304: /workspace/asr/Palestinian-ASR/processed_qasr_segments_part2/train/shard_000119.arrow
[2026-07-30 14:54:18] PROGRESS rows=464,607 kept=438,316 dropped=26,291 rows/sec=707.7
[2026-07-30 14:54:18] FILE 121/304: /workspace/asr/Palestinian-ASR/processed_qasr_segments_part2/train/shard_000120.arrow
[2026-07-30 14:54:24] FILE 122/304: /workspace/asr/Palestinian-ASR/processed_qasr_segments_part2/train/shard_000121.arrow
[2026-07-30 14:54:29] FILE 123/304: /workspace/asr/Palestinian-ASR/processed_qasr_segments_part2/train/shard_000122.arrow
[2026-07-30 14:54:34] FILE 124/304: /workspace/asr/Palestinian-ASR/processed_qasr_segments_part2/train/shard_000123.arrow
[2026-07-30 14:54:39] FILE 125/304: /workspace/asr/Palestinian-ASR/processed_qasr_segments_part2/train/shard_000124.arrow
[2026-07-30 14:54:45] FILE 126/304: /workspace/asr/Palestinian-ASR/processed_qasr_segments_part2/train/shard_000125.arrow
[2026-07-30 14:54:51] FILE 127/304: /workspace/asr/Palestinian-ASR/processed_qasr_segments_part2/train/shard_000126.arrow
[2026-07-30 14:54:56] FILE 128/304: /workspace/asr/Palestinian-ASR/processed_qasr_segments_part2/train/shard_000127.arrow
[2026-07-30 14:55:01] FILE 129/304: /workspace/asr/Palestinian-ASR/processed_qasr_segments_part2/train/shard_000128.arrow
[2026-07-30 14:55:06] FILE 130/304: /workspace/asr/Palestinian-ASR/processed_qasr_segments_part2/train/shard_000129.arrow
[2026-07-30 14:55:12] FILE 131/304: /workspace/asr/Palestinian-ASR/processed_qasr_segments_part2/train/shard_000130.arrow
[2026-07-30 14:55:18] FILE 132/304: /workspace/asr/Palestinian-ASR/processed_qasr_segments_part2/train/shard_000131.arrow
[2026-07-30 14:55:23] FILE 133/304: /workspace/asr/Palestinian-ASR/processed_qasr_segments_part2/train/shard_000132.arrow
[2026-07-30 14:55:28] PROGRESS rows=515,162 kept=486,083 dropped=29,079 rows/sec=709.2
[2026-07-30 14:55:28] FILE 134/304: /workspace/asr/Palestinian-ASR/processed_qasr_segments_part2/train/shard_000133.arrow
[2026-07-30 14:55:33] FILE 135/304: /workspace/asr/Palestinian-ASR/processed_qasr_segments_part2/train/shard_000134.arrow
[2026-07-30 14:55:38] FILE 136/304: /workspace/asr/Palestinian-ASR/processed_qasr_segments_part2/train/shard_000135.arrow
[2026-07-30 14:55:44] FILE 137/304: /workspace/asr/Palestinian-ASR/processed_qasr_segments_part2/train/shard_000136.arrow
[2026-07-30 14:55:50] FILE 138/304: /workspace/asr/Palestinian-ASR/processed_qasr_segments_part2/train/shard_000137.arrow
[2026-07-30 14:55:56] FILE 139/304: /workspace/asr/Palestinian-ASR/processed_qasr_segments_part2/train/shard_000138.arrow
[2026-07-30 14:56:02] FILE 140/304: /workspace/asr/Palestinian-ASR/processed_qasr_segments_part2/train/shard_000139.arrow
[2026-07-30 14:56:08] FILE 141/304: /workspace/asr/Palestinian-ASR/processed_qasr_segments_part2/train/shard_000140.arrow
[2026-07-30 14:56:13] FILE 142/304: /workspace/asr/Palestinian-ASR/processed_qasr_segments_part2/train/shard_000141.arrow
[2026-07-30 14:56:19] FILE 143/304: /workspace/asr/Palestinian-ASR/processed_qasr_segments_part2/train/shard_000142.arrow
[2026-07-30 14:56:24] FILE 144/304: /workspace/asr/Palestinian-ASR/processed_qasr_segments_part2/train/shard_000143.arrow
[2026-07-30 14:56:30] FILE 145/304: /workspace/asr/Palestinian-ASR/processed_qasr_segments_part2/train/shard_000144.arrow
[2026-07-30 14:56:35] FILE 146/304: /workspace/asr/Palestinian-ASR/processed_qasr_segments_part2/train/shard_000145.arrow
[2026-07-30 14:56:41] FILE 147/304: /workspace/asr/Palestinian-ASR/processed_qasr_segments_part2/train/shard_000146.arrow
[2026-07-30 14:56:46] PROGRESS rows=569,036 kept=536,684 dropped=32,352 rows/sec=707.8
[2026-07-30 14:56:46] FILE 148/304: /workspace/asr/Palestinian-ASR/processed_qasr_segments_part2/train/shard_000147.arrow
[2026-07-30 14:56:51] FILE 149/304: /workspace/asr/Palestinian-ASR/processed_qasr_segments_part2/train/shard_000148.arrow
[2026-07-30 14:56:57] FILE 150/304: /workspace/asr/Palestinian-ASR/processed_qasr_segments_part2/train/shard_000149.arrow
[2026-07-30 14:57:03] FILE 151/304: /workspace/asr/Palestinian-ASR/processed_qasr_segments_part2/train/shard_000150.arrow
[2026-07-30 14:57:08] FILE 152/304: /workspace/asr/Palestinian-ASR/processed_qasr_segments_part2/train/shard_000151.arrow
[2026-07-30 14:57:13] FILE 153/304: /workspace/asr/Palestinian-ASR/processed_qasr_segments_part2/train/shard_000152.arrow
[2026-07-30 14:57:21] FILE 154/304: /workspace/asr/Palestinian-ASR/processed_qasr_segments_part2/train/shard_000153.arrow
[2026-07-30 14:57:29] FILE 155/304: /workspace/asr/Palestinian-ASR/processed_qasr_segments_part2/train/shard_000154.arrow
[2026-07-30 14:57:37] FILE 156/304: /workspace/asr/Palestinian-ASR/processed_qasr_segments_part2/train/shard_000155.arrow
[2026-07-30 14:57:48] FILE 157/304: /workspace/asr/Palestinian-ASR/processed_qasr_segments_part2/train/shard_000156.arrow
[2026-07-30 14:57:56] FILE 158/304: /workspace/asr/Palestinian-ASR/processed_qasr_segments_part2/train/shard_000157.arrow
[2026-07-30 14:58:05] FILE 159/304: /workspace/asr/Palestinian-ASR/processed_qasr_segments_part2/train/shard_000158.arrow
[2026-07-30 14:58:15] FILE 160/304: /workspace/asr/Palestinian-ASR/processed_qasr_segments_part2/train/shard_000159.arrow
[2026-07-30 14:58:29] PROGRESS rows=620,373 kept=585,003 dropped=35,370 rows/sec=684.0
[2026-07-30 14:58:30] FILE 161/304: /workspace/asr/Palestinian-ASR/processed_qasr_segments_part2/train/shard_000160.arrow
[2026-07-30 14:58:42] FILE 162/304: /workspace/asr/Palestinian-ASR/processed_qasr_segments_part2/train/shard_000161.arrow
[2026-07-30 14:59:01] FILE 163/304: /workspace/asr/Palestinian-ASR/processed_qasr_segments_part2/train/shard_000162.arrow
[2026-07-30 14:59:21] FILE 164/304: /workspace/asr/Palestinian-ASR/processed_qasr_segments_part2/train/shard_000163.arrow
[2026-07-30 14:59:44] FILE 165/304: /workspace/asr/Palestinian-ASR/processed_qasr_segments_part2/train/shard_000164.arrow
[2026-07-30 15:00:06] FILE 166/304: /workspace/asr/Palestinian-ASR/processed_qasr_segments_part2/train/shard_000165.arrow
[2026-07-30 15:00:23] FILE 167/304: /workspace/asr/Palestinian-ASR/processed_qasr_segments_part2/train/shard_000166.arrow
[2026-07-30 15:00:49] FILE 168/304: /workspace/asr/Palestinian-ASR/processed_qasr_segments_part2/train/shard_000167.arrow
[2026-07-30 15:01:03] FILE 169/304: /workspace/asr/Palestinian-ASR/processed_qasr_segments_part2/train/shard_000168.arrow
[2026-07-30 15:01:13] FILE 170/304: /workspace/asr/Palestinian-ASR/processed_qasr_segments_part2/train/shard_000169.arrow
[2026-07-30 15:01:20] FILE 171/304: /workspace/asr/Palestinian-ASR/processed_qasr_segments_part2/train/shard_000170.arrow
[2026-07-30 15:01:25] FILE 172/304: /workspace/asr/Palestinian-ASR/processed_qasr_segments_part2/train/shard_000171.arrow
[2026-07-30 15:01:30] FILE 173/304: /workspace/asr/Palestinian-ASR/processed_qasr_segments_part2/train/shard_000172.arrow
[2026-07-30 15:01:36] PROGRESS rows=671,277 kept=632,613 dropped=38,664 rows/sec=613.4
[2026-07-30 15:01:36] FILE 174/304: /workspace/asr/Palestinian-ASR/processed_qasr_segments_part2/train/shard_000173.arrow
[2026-07-30 15:01:41] FILE 175/304: /workspace/asr/Palestinian-ASR/processed_qasr_segments_part2/train/shard_000174.arrow
[2026-07-30 15:01:47] FILE 176/304: /workspace/asr/Palestinian-ASR/processed_qasr_segments_part2/train/shard_000175.arrow
[2026-07-30 15:01:53] FILE 177/304: /workspace/asr/Palestinian-ASR/processed_qasr_segments_part2/train/shard_000176.arrow
[2026-07-30 15:01:58] FILE 178/304: /workspace/asr/Palestinian-ASR/processed_qasr_segments_part2/train/shard_000177.arrow
[2026-07-30 15:02:05] FILE 179/304: /workspace/asr/Palestinian-ASR/processed_qasr_segments_part2/train/shard_000178.arrow
[2026-07-30 15:02:11] FILE 180/304: /workspace/asr/Palestinian-ASR/processed_qasr_segments_part2/train/shard_000179.arrow
[2026-07-30 15:02:17] FILE 181/304: /workspace/asr/Palestinian-ASR/processed_qasr_segments_part2/train/shard_000180.arrow
[2026-07-30 15:02:22] FILE 182/304: /workspace/asr/Palestinian-ASR/processed_qasr_segments_part2/train/shard_000181.arrow
[2026-07-30 15:02:28] FILE 183/304: /workspace/asr/Palestinian-ASR/processed_qasr_segments_part2/train/shard_000182.arrow
[2026-07-30 15:02:33] FILE 184/304: /workspace/asr/Palestinian-ASR/processed_qasr_segments_part2/train/shard_000183.arrow
[2026-07-30 15:02:38] FILE 185/304: /workspace/asr/Palestinian-ASR/processed_qasr_segments_part2/train/shard_000184.arrow
[2026-07-30 15:02:45] FILE 186/304: /workspace/asr/Palestinian-ASR/processed_qasr_segments_part2/train/shard_000185.arrow
[2026-07-30 15:02:50] PROGRESS rows=721,493 kept=679,750 dropped=41,743 rows/sec=617.5
[2026-07-30 15:02:50] FILE 187/304: /workspace/asr/Palestinian-ASR/processed_qasr_segments_part2/train/shard_000186.arrow
[2026-07-30 15:02:57] FILE 188/304: /workspace/asr/Palestinian-ASR/processed_qasr_segments_part2/train/shard_000187.arrow
[2026-07-30 15:03:04] FILE 189/304: /workspace/asr/Palestinian-ASR/processed_qasr_segments_part2/train/shard_000188.arrow
[2026-07-30 15:03:09] FILE 190/304: /workspace/asr/Palestinian-ASR/processed_qasr_segments_part2/train/shard_000189.arrow
[2026-07-30 15:03:14] FILE 191/304: /workspace/asr/Palestinian-ASR/processed_qasr_segments_part2/train/shard_000190.arrow
[2026-07-30 15:03:20] FILE 192/304: /workspace/asr/Palestinian-ASR/processed_qasr_segments_part2/train/shard_000191.arrow
[2026-07-30 15:03:25] FILE 193/304: /workspace/asr/Palestinian-ASR/processed_qasr_segments_part2/train/shard_000192.arrow
[2026-07-30 15:03:30] FILE 194/304: /workspace/asr/Palestinian-ASR/processed_qasr_segments_part2/train/shard_000193.arrow
[2026-07-30 15:03:35] FILE 195/304: /workspace/asr/Palestinian-ASR/processed_qasr_segments_part2/train/shard_000194.arrow
[2026-07-30 15:03:39] FILE 196/304: /workspace/asr/Palestinian-ASR/processed_qasr_segments_part2/train/shard_000195.arrow
[2026-07-30 15:03:44] FILE 197/304: /workspace/asr/Palestinian-ASR/processed_qasr_segments_part2/train/shard_000196.arrow
[2026-07-30 15:03:50] FILE 198/304: /workspace/asr/Palestinian-ASR/processed_qasr_segments_part2/train/shard_000197.arrow
[2026-07-30 15:03:55] FILE 199/304: /workspace/asr/Palestinian-ASR/processed_qasr_segments_part2/train/shard_000198.arrow
[2026-07-30 15:04:01] FILE 200/304: /workspace/asr/Palestinian-ASR/processed_qasr_segments_part2/train/shard_000199.arrow
[2026-07-30 15:04:07] PROGRESS rows=775,156 kept=730,145 dropped=45,011 rows/sec=622.5
[2026-07-30 15:04:07] FILE 201/304: /workspace/asr/Palestinian-ASR/processed_qasr_segments_part2/train/shard_000200.arrow
[2026-07-30 15:04:12] FILE 202/304: /workspace/asr/Palestinian-ASR/processed_qasr_segments_part2/train/shard_000201.arrow
[2026-07-30 15:04:17] FILE 203/304: /workspace/asr/Palestinian-ASR/processed_qasr_segments_part2/train/shard_000202.arrow
[2026-07-30 15:04:23] FILE 204/304: /workspace/asr/Palestinian-ASR/processed_qasr_segments_part2/train/shard_000203.arrow
[2026-07-30 15:04:28] FILE 205/304: /workspace/asr/Palestinian-ASR/processed_qasr_segments_part2/train/shard_000204.arrow
[2026-07-30 15:04:33] FILE 206/304: /workspace/asr/Palestinian-ASR/processed_qasr_segments_part2/train/shard_000205.arrow
[2026-07-30 15:04:39] FILE 207/304: /workspace/asr/Palestinian-ASR/processed_qasr_segments_part2/train/shard_000206.arrow
[2026-07-30 15:04:44] FILE 208/304: /workspace/asr/Palestinian-ASR/processed_qasr_segments_part2/train/shard_000207.arrow
[2026-07-30 15:04:50] FILE 209/304: /workspace/asr/Palestinian-ASR/processed_qasr_segments_part2/train/shard_000208.arrow
[2026-07-30 15:04:56] FILE 210/304: /workspace/asr/Palestinian-ASR/processed_qasr_segments_part2/train/shard_000209.arrow
[2026-07-30 15:05:01] FILE 211/304: /workspace/asr/Palestinian-ASR/processed_qasr_segments_part2/train/shard_000210.arrow
[2026-07-30 15:05:07] FILE 212/304: /workspace/asr/Palestinian-ASR/processed_qasr_segments_part2/train/shard_000211.arrow
[2026-07-30 15:05:12] FILE 213/304: /workspace/asr/Palestinian-ASR/processed_qasr_segments_part2/train/shard_000212.arrow
[2026-07-30 15:05:18] PROGRESS rows=826,175 kept=778,328 dropped=47,847 rows/sec=627.8
[2026-07-30 15:05:18] FILE 214/304: /workspace/asr/Palestinian-ASR/processed_qasr_segments_part2/train/shard_000213.arrow
[2026-07-30 15:05:22] FILE 215/304: /workspace/asr/Palestinian-ASR/processed_qasr_segments_part2/train/shard_000214.arrow
[2026-07-30 15:05:28] FILE 216/304: /workspace/asr/Palestinian-ASR/processed_qasr_segments_part2/train/shard_000215.arrow
[2026-07-30 15:05:33] FILE 217/304: /workspace/asr/Palestinian-ASR/processed_qasr_segments_part2/train/shard_000216.arrow
[2026-07-30 15:05:39] FILE 218/304: /workspace/asr/Palestinian-ASR/processed_qasr_segments_part2/train/shard_000217.arrow
[2026-07-30 15:05:44] FILE 219/304: /workspace/asr/Palestinian-ASR/processed_qasr_segments_part2/train/shard_000218.arrow
[2026-07-30 15:05:50] FILE 220/304: /workspace/asr/Palestinian-ASR/processed_qasr_segments_part2/train/shard_000219.arrow
[2026-07-30 15:05:55] FILE 221/304: /workspace/asr/Palestinian-ASR/processed_qasr_segments_part2/train/shard_000220.arrow
[2026-07-30 15:06:01] FILE 222/304: /workspace/asr/Palestinian-ASR/processed_qasr_segments_part2/train/shard_000221.arrow
[2026-07-30 15:06:07] FILE 223/304: /workspace/asr/Palestinian-ASR/processed_qasr_segments_part2/train/shard_000222.arrow
[2026-07-30 15:06:12] FILE 224/304: /workspace/asr/Palestinian-ASR/processed_qasr_segments_part2/train/shard_000223.arrow
[2026-07-30 15:06:16] FILE 225/304: /workspace/asr/Palestinian-ASR/processed_qasr_segments_part2/train/shard_000224.arrow
[2026-07-30 15:06:21] FILE 226/304: /workspace/asr/Palestinian-ASR/processed_qasr_segments_part2/train/shard_000225.arrow
[2026-07-30 15:06:26] PROGRESS rows=877,949 kept=827,095 dropped=50,854 rows/sec=634.1
[2026-07-30 15:06:26] FILE 227/304: /workspace/asr/Palestinian-ASR/processed_qasr_segments_part2/train/shard_000226.arrow
[2026-07-30 15:06:31] FILE 228/304: /workspace/asr/Palestinian-ASR/processed_qasr_segments_part2/train/shard_000227.arrow
[2026-07-30 15:06:36] FILE 229/304: /workspace/asr/Palestinian-ASR/processed_qasr_segments_part2/train/shard_000228.arrow
[2026-07-30 15:06:41] FILE 230/304: /workspace/asr/Palestinian-ASR/processed_qasr_segments_part2/train/shard_000229.arrow
[2026-07-30 15:06:47] FILE 231/304: /workspace/asr/Palestinian-ASR/processed_qasr_segments_part2/train/shard_000230.arrow
[2026-07-30 15:06:52] FILE 232/304: /workspace/asr/Palestinian-ASR/processed_qasr_segments_part2/train/shard_000231.arrow
[2026-07-30 15:06:58] FILE 233/304: /workspace/asr/Palestinian-ASR/processed_qasr_segments_part2/train/shard_000232.arrow
[2026-07-30 15:07:04] FILE 234/304: /workspace/asr/Palestinian-ASR/processed_qasr_segments_part2/train/shard_000233.arrow
[2026-07-30 15:07:10] FILE 235/304: /workspace/asr/Palestinian-ASR/processed_qasr_segments_part2/train/shard_000234.arrow
[2026-07-30 15:07:15] FILE 236/304: /workspace/asr/Palestinian-ASR/processed_qasr_segments_part2/train/shard_000235.arrow
[2026-07-30 15:07:20] FILE 237/304: /workspace/asr/Palestinian-ASR/processed_qasr_segments_part2/train/shard_000236.arrow
[2026-07-30 15:07:24] FILE 238/304: /workspace/asr/Palestinian-ASR/processed_qasr_segments_part2/train/shard_000237.arrow
[2026-07-30 15:07:30] FILE 239/304: /workspace/asr/Palestinian-ASR/processed_qasr_segments_part2/train/shard_000238.arrow
[2026-07-30 15:07:35] FILE 240/304: /workspace/asr/Palestinian-ASR/processed_qasr_segments_part2/train/shard_000239.arrow
[2026-07-30 15:07:42] PROGRESS rows=931,305 kept=877,177 dropped=54,128 rows/sec=637.7
[2026-07-30 15:07:42] FILE 241/304: /workspace/asr/Palestinian-ASR/processed_qasr_segments_part2/train/shard_000240.arrow
[2026-07-30 15:07:49] FILE 242/304: /workspace/asr/Palestinian-ASR/processed_qasr_segments_part2/train/shard_000241.arrow
[2026-07-30 15:07:53] FILE 243/304: /workspace/asr/Palestinian-ASR/processed_qasr_segments_part2/train/shard_000242.arrow
[2026-07-30 15:07:59] FILE 244/304: /workspace/asr/Palestinian-ASR/processed_qasr_segments_part2/train/shard_000243.arrow
[2026-07-30 15:08:06] FILE 245/304: /workspace/asr/Palestinian-ASR/processed_qasr_segments_part2/train/shard_000244.arrow
[2026-07-30 15:08:11] FILE 246/304: /workspace/asr/Palestinian-ASR/processed_qasr_segments_part2/train/shard_000245.arrow
[2026-07-30 15:08:16] FILE 247/304: /workspace/asr/Palestinian-ASR/processed_qasr_segments_part2/train/shard_000246.arrow
[2026-07-30 15:08:21] FILE 248/304: /workspace/asr/Palestinian-ASR/processed_qasr_segments_part2/train/shard_000247.arrow
[2026-07-30 15:08:27] FILE 249/304: /workspace/asr/Palestinian-ASR/processed_qasr_segments_part2/train/shard_000248.arrow
[2026-07-30 15:08:33] FILE 250/304: /workspace/asr/Palestinian-ASR/processed_qasr_segments_part2/train/shard_000249.arrow
[2026-07-30 15:08:39] FILE 251/304: /workspace/asr/Palestinian-ASR/processed_qasr_segments_part2/train/shard_000250.arrow
[2026-07-30 15:08:44] FILE 252/304: /workspace/asr/Palestinian-ASR/processed_qasr_segments_part2/train/shard_000251.arrow
[2026-07-30 15:08:50] FILE 253/304: /workspace/asr/Palestinian-ASR/processed_qasr_segments_part2/train/shard_000252.arrow
[2026-07-30 15:08:55] FILE 254/304: /workspace/asr/Palestinian-ASR/processed_qasr_segments_part2/train/shard_000253.arrow
[2026-07-30 15:09:00] PROGRESS rows=985,115 kept=927,763 dropped=57,352 rows/sec=640.3
[2026-07-30 15:09:00] FILE 255/304: /workspace/asr/Palestinian-ASR/processed_qasr_segments_part2/train/shard_000254.arrow
[2026-07-30 15:09:05] FILE 256/304: /workspace/asr/Palestinian-ASR/processed_qasr_segments_part2/train/shard_000255.arrow
[2026-07-30 15:09:11] FILE 257/304: /workspace/asr/Palestinian-ASR/processed_qasr_segments_part2/train/shard_000256.arrow
[2026-07-30 15:09:16] FILE 258/304: /workspace/asr/Palestinian-ASR/processed_qasr_segments_part2/train/shard_000257.arrow
[2026-07-30 15:09:21] FILE 259/304: /workspace/asr/Palestinian-ASR/processed_qasr_segments_part2/train/shard_000258.arrow
[2026-07-30 15:09:27] FILE 260/304: /workspace/asr/Palestinian-ASR/processed_qasr_segments_part2/train/shard_000259.arrow
[2026-07-30 15:09:32] FILE 261/304: /workspace/asr/Palestinian-ASR/processed_qasr_segments_part2/train/shard_000260.arrow
[2026-07-30 15:09:37] FILE 262/304: /workspace/asr/Palestinian-ASR/processed_qasr_segments_part2/train/shard_000261.arrow
[2026-07-30 15:09:42] FILE 263/304: /workspace/asr/Palestinian-ASR/processed_qasr_segments_part2/train/shard_000262.arrow
[2026-07-30 15:09:47] FILE 264/304: /workspace/asr/Palestinian-ASR/processed_qasr_segments_part2/train/shard_000263.arrow
[2026-07-30 15:09:53] FILE 265/304: /workspace/asr/Palestinian-ASR/processed_qasr_segments_part2/train/shard_000264.arrow
[2026-07-30 15:09:59] FILE 266/304: /workspace/asr/Palestinian-ASR/processed_qasr_segments_part2/train/shard_000265.arrow
[2026-07-30 15:10:06] FILE 267/304: /workspace/asr/Palestinian-ASR/processed_qasr_segments_part2/train/shard_000266.arrow
[2026-07-30 15:10:12] PROGRESS rows=1,036,081 kept=975,626 dropped=60,455 rows/sec=643.6
[2026-07-30 15:10:12] FILE 268/304: /workspace/asr/Palestinian-ASR/processed_qasr_segments_part2/train/shard_000267.arrow
[2026-07-30 15:10:18] FILE 269/304: /workspace/asr/Palestinian-ASR/processed_qasr_segments_part2/train/shard_000268.arrow
[2026-07-30 15:10:23] FILE 270/304: /workspace/asr/Palestinian-ASR/processed_qasr_segments_part2/train/shard_000269.arrow
[2026-07-30 15:10:28] FILE 271/304: /workspace/asr/Palestinian-ASR/processed_qasr_segments_part2/train/shard_000270.arrow
[2026-07-30 15:10:33] FILE 272/304: /workspace/asr/Palestinian-ASR/processed_qasr_segments_part2/train/shard_000271.arrow
[2026-07-30 15:10:40] FILE 273/304: /workspace/asr/Palestinian-ASR/processed_qasr_segments_part2/train/shard_000272.arrow
[2026-07-30 15:10:46] FILE 274/304: /workspace/asr/Palestinian-ASR/processed_qasr_segments_part2/train/shard_000273.arrow
[2026-07-30 15:10:51] FILE 275/304: /workspace/asr/Palestinian-ASR/processed_qasr_segments_part2/train/shard_000274.arrow
[2026-07-30 15:10:57] FILE 276/304: /workspace/asr/Palestinian-ASR/processed_qasr_segments_part2/train/shard_000275.arrow
[2026-07-30 15:11:03] FILE 277/304: /workspace/asr/Palestinian-ASR/processed_qasr_segments_part2/train/shard_000276.arrow
[2026-07-30 15:11:08] FILE 278/304: /workspace/asr/Palestinian-ASR/processed_qasr_segments_part2/train/shard_000277.arrow
[2026-07-30 15:11:13] FILE 279/304: /workspace/asr/Palestinian-ASR/processed_qasr_segments_part2/train/shard_000278.arrow
[2026-07-30 15:11:18] FILE 280/304: /workspace/asr/Palestinian-ASR/processed_qasr_segments_part2/train/shard_000279.arrow
[2026-07-30 15:11:24] PROGRESS rows=1,086,573 kept=1,023,052 dropped=63,521 rows/sec=645.7
[2026-07-30 15:11:25] FILE 281/304: /workspace/asr/Palestinian-ASR/processed_qasr_segments_part2/train/shard_000280.arrow
[2026-07-30 15:11:31] FILE 282/304: /workspace/asr/Palestinian-ASR/processed_qasr_segments_part2/train/shard_000281.arrow
[2026-07-30 15:11:36] FILE 283/304: /workspace/asr/Palestinian-ASR/processed_qasr_segments_part2/train/shard_000282.arrow
